<html>
<body>
<pre>
<h1>µVision Build Log</h1>
<h2>Tool Versions:</h2>
IDE-Version: µVision V5.27.1.0
Copyright (C) 2019 ARM Ltd and ARM Germany GmbH. All rights reserved.
License Information: Dean Schreiber, Home, LIC=----
 
Tool Versions:
Toolchain:       MDK-Lite  Version: 5.27.1.0
Toolchain Path:  D:\Keil_v5\ARM\ARMCC\Bin
C Compiler:      Armcc.exe V5.06 update 6 (build 750)
Assembler:       Armasm.exe V5.06 update 6 (build 750)
Linker/Locator:  ArmLink.exe V5.06 update 6 (build 750)
Library Manager: ArmAr.exe V5.06 update 6 (build 750)
Hex Converter:   FromElf.exe V5.06 update 6 (build 750)
CPU DLL:         SARMCM3.DLL V5.27.1.0
Dialog DLL:      DARMCM1.DLL V1.19.2.0
Target DLL:      STLink\ST-LINKIII-KEIL_SWO.dll V3.0.6.0
Dialog DLL:      TARMCM1.DLL V1.14.1.0
 
<h2>Project:</h2>
C:\Users\deans\Documents\Senior design project\Programming\senior design project.uvprojx
Project File Date:  04/30/2019

<h2>Output:</h2>
*** Using Compiler 'V5.06 update 6 (build 750)', folder: 'D:\Keil_v5\ARM\ARMCC\Bin'
Build target 'Target 1'
compiling main.c...
linking...
Program Size: Code=13440 RO-data=280 RW-data=44 ZI-data=1908  
FromELF: creating hex file...
".\Objects\senior design project.axf" - 0 Error(s), 0 Warning(s).

<h2>Software Packages used:</h2>

Package Vendor: ARM
                http://www.keil.com/pack/ARM.CMSIS.5.5.1.pack
                ARM.CMSIS.5.5.1
                CMSIS (Cortex Microcontroller Software Interface Standard)
   * Component: I2C Version: 2.3.0
   * Component: USART Version: 2.3.0
   * Component: RTOS2 Version: 2.1.3
   * Component: CORE Version: 5.2.0

Package Vendor: Keil
                project-path/Keil.FrameworkCubeMX.1.0.0.pack
                Keil.FrameworkCubeMX.1.0.0
                STM32CubeMX generated pack description
   * Component: STM32CubeMX Version: 1.1.0
   * Component: Startup Version: 1.0.0

Package Vendor: Keil
                http://www.keil.com/pack/Keil.STM32L0xx_DFP.2.0.1.pack
                Keil.STM32L0xx_DFP.2.0.1
                STMicroelectronics STM32L0 Series Device Support, Drivers and Examples
   * Component: STM32Cube Framework Version: 1.0.0
   * Component: STM32Cube HAL Version: 1.10.0

<h2>Collection of Component include folders:</h2>
  .\RTE\Device\STM32L011D4Px
  .\RTE\Device\STM32L011D4Px\STCubeGenerated\Inc
  .\RTE\_Target_1
  C:\Users\deans\AppData\Local\Arm\Packs\ARM\CMSIS\5.5.1\CMSIS\Core\Include
  C:\Users\deans\AppData\Local\Arm\Packs\Keil\STM32L0xx_DFP\2.0.1\Drivers\CMSIS\Device\ST\STM32L0xx\Include
  C:\Users\deans\AppData\Local\Arm\Packs\Keil\STM32L0xx_DFP\2.0.1\Drivers\STM32L0xx_HAL_Driver\Inc

<h2>Collection of Component Files used:</h2>

   * Component: ::CMSIS Driver:I2C:2.3.0 (API)

   * Component: ::CMSIS Driver:USART:2.3.0 (API)

   * Component: ::CMSIS:RTOS2:2.1.3 (API)

   * Component: ::Device:STM32Cube Framework:1.0.0 (API)

   * Component: ARM::CMSIS:CORE:5.2.0

   * Component: Keil.STM32CubeMX::Device:STM32Cube Framework:STM32CubeMX:1.1.0
      Include file:  MX_Device.h
      Include file:  STCubeGenerated\Inc\stm32l0xx_hal_conf.h
      Source file:   STCubeGenerated\Src\stm32l0xx_hal_msp.c

   * Component: Keil.STM32CubeMX::Device:STM32Cube HAL:1.10.0
      Source file:   Drivers\STM32L0xx_HAL_Driver\Src\stm32l0xx_hal.c
      Source file:   Drivers\STM32L0xx_HAL_Driver\Src\stm32l0xx_hal_adc.c
      Source file:   Drivers\STM32L0xx_HAL_Driver\Src\stm32l0xx_hal_comp_ex.c
      Source file:   Drivers\STM32L0xx_HAL_Driver\Src\stm32l0xx_hal_dac.c
      Source file:   Drivers\STM32L0xx_HAL_Driver\Src\stm32l0xx_hal_dac_ex.c
      Source file:   Drivers\STM32L0xx_HAL_Driver\Src\stm32l0xx_hal_dma.c
      Source file:   Drivers\STM32L0xx_HAL_Driver\Src\stm32l0xx_hal_cryp.c
      Source file:   Drivers\STM32L0xx_HAL_Driver\Src\stm32l0xx_hal_adc_ex.c
      Source file:   Drivers\STM32L0xx_HAL_Driver\Src\stm32l0xx_hal_comp.c
      Source file:   Drivers\STM32L0xx_HAL_Driver\Src\stm32l0xx_hal_cortex.c
      Source file:   Drivers\STM32L0xx_HAL_Driver\Src\stm32l0xx_hal_crc.c
      Source file:   Drivers\STM32L0xx_HAL_Driver\Src\stm32l0xx_hal_crc_ex.c
      Source file:   Drivers\STM32L0xx_HAL_Driver\Src\stm32l0xx_hal_cryp_ex.c
      Source file:   MDK\Driver\stm32l0xx_ll.c
      Source file:   Drivers\STM32L0xx_HAL_Driver\Src\stm32l0xx_hal_rtc_ex.c
      Source file:   Drivers\STM32L0xx_HAL_Driver\Src\stm32l0xx_hal_smartcard_ex.c
      Source file:   Drivers\STM32L0xx_HAL_Driver\Src\stm32l0xx_hal_tim.c
      Source file:   Drivers\STM32L0xx_HAL_Driver\Src\stm32l0xx_hal_flash.c
      Source file:   Drivers\STM32L0xx_HAL_Driver\Src\stm32l0xx_hal_uart_ex.c
      Source file:   Drivers\STM32L0xx_HAL_Driver\Src\stm32l0xx_hal_lcd.c
      Source file:   Drivers\STM32L0xx_HAL_Driver\Src\stm32l0xx_hal_pwr.c
      Source file:   Drivers\STM32L0xx_HAL_Driver\Src\stm32l0xx_hal_pcd_ex.c
      Source file:   Drivers\STM32L0xx_HAL_Driver\Src\stm32l0xx_hal_spi.c
      Source file:   Drivers\STM32L0xx_HAL_Driver\Src\stm32l0xx_hal_usart.c
      Source file:   Drivers\STM32L0xx_HAL_Driver\Src\stm32l0xx_hal_wwdg.c
      Source file:   Drivers\STM32L0xx_HAL_Driver\Src\stm32l0xx_hal_i2c_ex.c
      Source file:   Drivers\STM32L0xx_HAL_Driver\Src\stm32l0xx_hal_iwdg.c
      Source file:   Drivers\STM32L0xx_HAL_Driver\Src\stm32l0xx_hal_rcc.c
      Source file:   Drivers\STM32L0xx_HAL_Driver\Src\stm32l0xx_hal_rng.c
      Source file:   Drivers\STM32L0xx_HAL_Driver\Src\stm32l0xx_hal_flash_ex.c
      Source file:   Drivers\STM32L0xx_HAL_Driver\Src\stm32l0xx_hal_smartcard.c
      Source file:   Drivers\STM32L0xx_HAL_Driver\Src\stm32l0xx_hal_tim_ex.c
      Source file:   Drivers\STM32L0xx_HAL_Driver\Src\stm32l0xx_hal_flash_ramfunc.c
      Source file:   Drivers\STM32L0xx_HAL_Driver\Src\stm32l0xx_hal_tsc.c
      Source file:   Drivers\STM32L0xx_HAL_Driver\Src\stm32l0xx_hal_irda.c
      Source file:   Drivers\STM32L0xx_HAL_Driver\Src\stm32l0xx_hal_firewall.c
      Source file:   Drivers\STM32L0xx_HAL_Driver\Src\stm32l0xx_hal_smbus.c
      Source file:   Drivers\STM32L0xx_HAL_Driver\Src\stm32l0xx_hal_uart.c
      Source file:   Drivers\STM32L0xx_HAL_Driver\Src\stm32l0xx_hal_gpio.c
      Source file:   Drivers\STM32L0xx_HAL_Driver\Src\stm32l0xx_hal_pwr_ex.c
      Source file:   Drivers\STM32L0xx_HAL_Driver\Src\stm32l0xx_hal_rtc.c
      Source file:   Drivers\STM32L0xx_HAL_Driver\Src\stm32l0xx_hal_i2s.c
      Source file:   Drivers\STM32L0xx_HAL_Driver\Src\stm32l0xx_hal_rcc_ex.c
      Source file:   Drivers\STM32L0xx_HAL_Driver\Src\stm32l0xx_hal_i2c.c
      Source file:   Drivers\STM32L0xx_HAL_Driver\Src\stm32l0xx_hal_pcd.c
      Source file:   Drivers\STM32L0xx_HAL_Driver\Src\stm32l0xx_hal_lptim.c
      Source file:   Drivers\STM32L0xx_HAL_Driver\Src\stm32l0xx_ll_dac.c
      Source file:   Drivers\STM32L0xx_HAL_Driver\Src\stm32l0xx_ll_gpio.c
      Source file:   Drivers\STM32L0xx_HAL_Driver\Src\stm32l0xx_ll_pwr.c
      Source file:   Drivers\STM32L0xx_HAL_Driver\Src\stm32l0xx_ll_spi.c
      Source file:   Drivers\STM32L0xx_HAL_Driver\Src\stm32l0xx_ll_tim.c
      Source file:   Drivers\STM32L0xx_HAL_Driver\Src\stm32l0xx_ll_crc.c
      Source file:   Drivers\STM32L0xx_HAL_Driver\Src\stm32l0xx_ll_i2c.c
      Source file:   Drivers\STM32L0xx_HAL_Driver\Src\stm32l0xx_ll_rtc.c
      Source file:   Drivers\STM32L0xx_HAL_Driver\Src\stm32l0xx_ll_rng.c
      Source file:   Drivers\STM32L0xx_HAL_Driver\Src\stm32l0xx_ll_usart.c
      Source file:   Drivers\STM32L0xx_HAL_Driver\Src\stm32l0xx_ll_adc.c
      Source file:   Drivers\STM32L0xx_HAL_Driver\Src\stm32l0xx_ll_comp.c
      Source file:   Drivers\STM32L0xx_HAL_Driver\Src\stm32l0xx_ll_exti.c
      Source file:   Drivers\STM32L0xx_HAL_Driver\Src\stm32l0xx_ll_dma.c
      Source file:   Drivers\STM32L0xx_HAL_Driver\Src\stm32l0xx_ll_crs.c
      Source file:   Drivers\STM32L0xx_HAL_Driver\Src\stm32l0xx_ll_utils.c
      Source file:   Drivers\STM32L0xx_HAL_Driver\Src\stm32l0xx_ll_lpuart.c
      Source file:   Drivers\STM32L0xx_HAL_Driver\Src\stm32l0xx_ll_lptim.c
      Source file:   Drivers\STM32L0xx_HAL_Driver\Src\stm32l0xx_ll_rcc.c

   * Component: Keil.STM32CubeMX::Device:Startup:1.0.0
      Source file:   STCubeGenerated\MDK-ARM\startup_stm32l011xx.s
      Source file:   STCubeGenerated\Src\system_stm32l0xx.c
Build Time Elapsed:  00:00:01
</pre>
</body>
</html>
