Component: ARM Compiler 5.06 update 6 (build 750) Tool: armlink [4d35ed]

==============================================================================

Section Cross References

    main.o(i.Bass_Adjust) refers to main.o(i.Button_Duration) for Button_Duration
    main.o(i.Bass_Adjust) refers to aeabi_sdiv.o(.text) for __aeabi_uidivmod
    main.o(i.Bass_Adjust) refers to main.o(i.Button_State) for Button_State
    main.o(i.Bass_Volume) refers to stm32l0xx_hal_gpio.o(i.HAL_GPIO_WritePin) for HAL_GPIO_WritePin
    main.o(i.Bass_Volume) refers to stm32l0xx_hal_i2c.o(i.HAL_I2C_Master_Transmit) for HAL_I2C_Master_Transmit
    main.o(i.Bass_Volume) refers to main.o(.data) for rheostat_data
    main.o(i.Bass_Volume) refers to main.o(.constdata) for volume_levels
    main.o(i.Bass_Volume) refers to main.o(.bss) for hi2c1
    main.o(i.Button_Duration) refers to main.o(i.Button_State) for Button_State
    main.o(i.Button_Duration) refers to stm32l0xx_hal.o(i.HAL_GetTick) for HAL_GetTick
    main.o(i.Button_Duration) refers to main.o(.data) for time1
    main.o(i.MX_CRC_Init) refers to stm32l0xx_hal_crc.o(i.HAL_CRC_Init) for HAL_CRC_Init
    main.o(i.MX_CRC_Init) refers to main.o(i.Error_Handler) for Error_Handler
    main.o(i.MX_CRC_Init) refers to main.o(.bss) for hcrc
    main.o(i.MX_GPIO_Init) refers to rt_memclr.o(.text) for __aeabi_memclr4
    main.o(i.MX_GPIO_Init) refers to stm32l0xx_hal_gpio.o(i.HAL_GPIO_WritePin) for HAL_GPIO_WritePin
    main.o(i.MX_GPIO_Init) refers to stm32l0xx_hal_gpio.o(i.HAL_GPIO_Init) for HAL_GPIO_Init
    main.o(i.MX_GPIO_Init) refers to stm32l0xx_hal_cortex.o(i.HAL_NVIC_SetPriority) for HAL_NVIC_SetPriority
    main.o(i.MX_GPIO_Init) refers to stm32l0xx_hal_cortex.o(i.HAL_NVIC_EnableIRQ) for HAL_NVIC_EnableIRQ
    main.o(i.MX_I2C1_Init) refers to stm32l0xx_hal_i2c.o(i.HAL_I2C_Init) for HAL_I2C_Init
    main.o(i.MX_I2C1_Init) refers to main.o(i.Error_Handler) for Error_Handler
    main.o(i.MX_I2C1_Init) refers to stm32l0xx_hal_i2c_ex.o(i.HAL_I2CEx_ConfigAnalogFilter) for HAL_I2CEx_ConfigAnalogFilter
    main.o(i.MX_I2C1_Init) refers to stm32l0xx_hal_i2c_ex.o(i.HAL_I2CEx_ConfigDigitalFilter) for HAL_I2CEx_ConfigDigitalFilter
    main.o(i.MX_I2C1_Init) refers to stm32l0xx_hal_i2c_ex.o(i.HAL_I2CEx_EnableFastModePlus) for HAL_I2CEx_EnableFastModePlus
    main.o(i.MX_I2C1_Init) refers to main.o(.bss) for hi2c1
    main.o(i.MX_IWDG_Init) refers to stm32l0xx_hal_iwdg.o(i.HAL_IWDG_Init) for HAL_IWDG_Init
    main.o(i.MX_IWDG_Init) refers to main.o(i.Error_Handler) for Error_Handler
    main.o(i.MX_IWDG_Init) refers to main.o(.bss) for hiwdg
    main.o(i.MX_LPUART1_UART_Init) refers to stm32l0xx_hal_uart.o(i.HAL_UART_Init) for HAL_UART_Init
    main.o(i.MX_LPUART1_UART_Init) refers to main.o(i.Error_Handler) for Error_Handler
    main.o(i.MX_LPUART1_UART_Init) refers to main.o(.bss) for hlpuart1
    main.o(i.MX_WWDG_Init) refers to stm32l0xx_hal_wwdg.o(i.HAL_WWDG_Init) for HAL_WWDG_Init
    main.o(i.MX_WWDG_Init) refers to main.o(i.Error_Handler) for Error_Handler
    main.o(i.MX_WWDG_Init) refers to main.o(.bss) for hwwdg
    main.o(i.SystemClock_Config) refers to rt_memclr.o(.text) for __aeabi_memclr4
    main.o(i.SystemClock_Config) refers to stm32l0xx_hal_rcc.o(i.HAL_RCC_OscConfig) for HAL_RCC_OscConfig
    main.o(i.SystemClock_Config) refers to main.o(i.Error_Handler) for Error_Handler
    main.o(i.SystemClock_Config) refers to stm32l0xx_hal_rcc.o(i.HAL_RCC_ClockConfig) for HAL_RCC_ClockConfig
    main.o(i.SystemClock_Config) refers to stm32l0xx_hal_rcc_ex.o(i.HAL_RCCEx_PeriphCLKConfig) for HAL_RCCEx_PeriphCLKConfig
    main.o(i.UART_Command_Handler) refers to stm32l0xx_hal.o(i.HAL_GetTick) for HAL_GetTick
    main.o(i.UART_Command_Handler) refers to stm32l0xx_hal_uart.o(i.HAL_UART_Transmit) for HAL_UART_Transmit
    main.o(i.UART_Command_Handler) refers to stm32l0xx_hal_uart.o(i.HAL_UART_Receive) for HAL_UART_Receive
    main.o(i.UART_Command_Handler) refers to main.o(i.power_state_handler) for power_state_handler
    main.o(i.UART_Command_Handler) refers to main.o(.data) for time0
    main.o(i.UART_Command_Handler) refers to main.o(.bss) for hlpuart1
    main.o(i.main) refers to stm32l0xx_hal.o(i.HAL_Init) for HAL_Init
    main.o(i.main) refers to main.o(i.SystemClock_Config) for SystemClock_Config
    main.o(i.main) refers to main.o(i.MX_GPIO_Init) for MX_GPIO_Init
    main.o(i.main) refers to main.o(i.MX_CRC_Init) for MX_CRC_Init
    main.o(i.main) refers to main.o(i.MX_I2C1_Init) for MX_I2C1_Init
    main.o(i.main) refers to main.o(i.MX_IWDG_Init) for MX_IWDG_Init
    main.o(i.main) refers to main.o(i.MX_LPUART1_UART_Init) for MX_LPUART1_UART_Init
    main.o(i.main) refers to main.o(i.MX_WWDG_Init) for MX_WWDG_Init
    main.o(i.main) refers to main.o(i.Bass_Volume) for Bass_Volume
    main.o(i.main) refers to main.o(i.UART_Command_Handler) for UART_Command_Handler
    main.o(i.main) refers to stm32l0xx_hal_gpio.o(i.HAL_GPIO_ReadPin) for HAL_GPIO_ReadPin
[...]
    ../clib/signal.c                         0x00000000   Number         0  defsig_abrt_inner.o ABSOLUTE
    ../clib/signal.c                         0x00000000   Number         0  defsig_rtmem_inner.o ABSOLUTE
    ../clib/signal.c                         0x00000000   Number         0  defsig_rtmem_outer.o ABSOLUTE
    ../clib/signal.c                         0x00000000   Number         0  defsig_pvfn_inner.o ABSOLUTE
    ../clib/signal.c                         0x00000000   Number         0  defsig_fpe_outer.o ABSOLUTE
    ../clib/signal.c                         0x00000000   Number         0  defsig_fpe_formal.o ABSOLUTE
    ../clib/signal.c                         0x00000000   Number         0  defsig_rtmem_formal.o ABSOLUTE
    ../clib/signal.c                         0x00000000   Number         0  defsig_stak_inner.o ABSOLUTE
    ../clib/signal.c                         0x00000000   Number         0  defsig_segv_inner.o ABSOLUTE
    ../clib/signal.s                         0x00000000   Number         0  defsig.o ABSOLUTE
    ../clib/stdlib.c                         0x00000000   Number         0  exit.o ABSOLUTE
    ../fplib/cfplib/fpinit.c                 0x00000000   Number         0  fpinit.o ABSOLUTE
    C:\Users\deans\AppData\Local\Arm\Packs\Keil\STM32L0xx_DFP\2.0.1\Drivers\STM32L0xx_HAL_Driver\Src\stm32l0xx_hal.c 0x00000000   Number         0  stm32l0xx_hal.o ABSOLUTE
    C:\Users\deans\AppData\Local\Arm\Packs\Keil\STM32L0xx_DFP\2.0.1\Drivers\STM32L0xx_HAL_Driver\Src\stm32l0xx_hal_adc.c 0x00000000   Number         0  stm32l0xx_hal_adc.o ABSOLUTE
    C:\Users\deans\AppData\Local\Arm\Packs\Keil\STM32L0xx_DFP\2.0.1\Drivers\STM32L0xx_HAL_Driver\Src\stm32l0xx_hal_adc_ex.c 0x00000000   Number         0  stm32l0xx_hal_adc_ex.o ABSOLUTE
    C:\Users\deans\AppData\Local\Arm\Packs\Keil\STM32L0xx_DFP\2.0.1\Drivers\STM32L0xx_HAL_Driver\Src\stm32l0xx_hal_comp.c 0x00000000   Number         0  stm32l0xx_hal_comp.o ABSOLUTE
    C:\Users\deans\AppData\Local\Arm\Packs\Keil\STM32L0xx_DFP\2.0.1\Drivers\STM32L0xx_HAL_Driver\Src\stm32l0xx_hal_comp_ex.c 0x00000000   Number         0  stm32l0xx_hal_comp_ex.o ABSOLUTE
    C:\Users\deans\AppData\Local\Arm\Packs\Keil\STM32L0xx_DFP\2.0.1\Drivers\STM32L0xx_HAL_Driver\Src\stm32l0xx_hal_cortex.c 0x00000000   Number         0  stm32l0xx_hal_cortex.o ABSOLUTE
    C:\Users\deans\AppData\Local\Arm\Packs\Keil\STM32L0xx_DFP\2.0.1\Drivers\STM32L0xx_HAL_Driver\Src\stm32l0xx_hal_crc.c 0x00000000   Number         0  stm32l0xx_hal_crc.o ABSOLUTE
    C:\Users\deans\AppData\Local\Arm\Packs\Keil\STM32L0xx_DFP\2.0.1\Drivers\STM32L0xx_HAL_Driver\Src\stm32l0xx_hal_crc_ex.c 0x00000000   Number         0  stm32l0xx_hal_crc_ex.o ABSOLUTE
    C:\Users\deans\AppData\Local\Arm\Packs\Keil\STM32L0xx_DFP\2.0.1\Drivers\STM32L0xx_HAL_Driver\Src\stm32l0xx_hal_cryp.c 0x00000000   Number         0  stm32l0xx_hal_cryp.o ABSOLUTE
    C:\Users\deans\AppData\Local\Arm\Packs\Keil\STM32L0xx_DFP\2.0.1\Drivers\STM32L0xx_HAL_Driver\Src\stm32l0xx_hal_cryp_ex.c 0x00000000   Number         0  stm32l0xx_hal_cryp_ex.o ABSOLUTE
    C:\Users\deans\AppData\Local\Arm\Packs\Keil\STM32L0xx_DFP\2.0.1\Drivers\STM32L0xx_HAL_Driver\Src\stm32l0xx_hal_dac.c 0x00000000   Number         0  stm32l0xx_hal_dac.o ABSOLUTE
    C:\Users\deans\AppData\Local\Arm\Packs\Keil\STM32L0xx_DFP\2.0.1\Drivers\STM32L0xx_HAL_Driver\Src\stm32l0xx_hal_dac_ex.c 0x00000000   Number         0  stm32l0xx_hal_dac_ex.o ABSOLUTE
    C:\Users\deans\AppData\Local\Arm\Packs\Keil\STM32L0xx_DFP\2.0.1\Drivers\STM32L0xx_HAL_Driver\Src\stm32l0xx_hal_dma.c 0x00000000   Number         0  stm32l0xx_hal_dma.o ABSOLUTE
    C:\Users\deans\AppData\Local\Arm\Packs\Keil\STM32L0xx_DFP\2.0.1\Drivers\STM32L0xx_HAL_Driver\Src\stm32l0xx_hal_firewall.c 0x00000000   Number         0  stm32l0xx_hal_firewall.o ABSOLUTE
    C:\Users\deans\AppData\Local\Arm\Packs\Keil\STM32L0xx_DFP\2.0.1\Drivers\STM32L0xx_HAL_Driver\Src\stm32l0xx_hal_flash.c 0x00000000   Number         0  stm32l0xx_hal_flash.o ABSOLUTE
    C:\Users\deans\AppData\Local\Arm\Packs\Keil\STM32L0xx_DFP\2.0.1\Drivers\STM32L0xx_HAL_Driver\Src\stm32l0xx_hal_flash_ex.c 0x00000000   Number         0  stm32l0xx_hal_flash_ex.o ABSOLUTE
    C:\Users\deans\AppData\Local\Arm\Packs\Keil\STM32L0xx_DFP\2.0.1\Drivers\STM32L0xx_HAL_Driver\Src\stm32l0xx_hal_flash_ramfunc.c 0x00000000   Number         0  stm32l0xx_hal_flash_ramfunc.o ABSOLUTE
    C:\Users\deans\AppData\Local\Arm\Packs\Keil\STM32L0xx_DFP\2.0.1\Drivers\STM32L0xx_HAL_Driver\Src\stm32l0xx_hal_gpio.c 0x00000000   Number         0  stm32l0xx_hal_gpio.o ABSOLUTE
    C:\Users\deans\AppData\Local\Arm\Packs\Keil\STM32L0xx_DFP\2.0.1\Drivers\STM32L0xx_HAL_Driver\Src\stm32l0xx_hal_i2c.c 0x00000000   Number         0  stm32l0xx_hal_i2c.o ABSOLUTE
    C:\Users\deans\AppData\Local\Arm\Packs\Keil\STM32L0xx_DFP\2.0.1\Drivers\STM32L0xx_HAL_Driver\Src\stm32l0xx_hal_i2c_ex.c 0x00000000   Number         0  stm32l0xx_hal_i2c_ex.o ABSOLUTE
    C:\Users\deans\AppData\Local\Arm\Packs\Keil\STM32L0xx_DFP\2.0.1\Drivers\STM32L0xx_HAL_Driver\Src\stm32l0xx_hal_i2s.c 0x00000000   Number         0  stm32l0xx_hal_i2s.o ABSOLUTE
    C:\Users\deans\AppData\Local\Arm\Packs\Keil\STM32L0xx_DFP\2.0.1\Drivers\STM32L0xx_HAL_Driver\Src\stm32l0xx_hal_irda.c 0x00000000   Number         0  stm32l0xx_hal_irda.o ABSOLUTE
    C:\Users\deans\AppData\Local\Arm\Packs\Keil\STM32L0xx_DFP\2.0.1\Drivers\STM32L0xx_HAL_Driver\Src\stm32l0xx_hal_iwdg.c 0x00000000   Number         0  stm32l0xx_hal_iwdg.o ABSOLUTE
    C:\Users\deans\AppData\Local\Arm\Packs\Keil\STM32L0xx_DFP\2.0.1\Drivers\STM32L0xx_HAL_Driver\Src\stm32l0xx_hal_lcd.c 0x00000000   Number         0  stm32l0xx_hal_lcd.o ABSOLUTE
    C:\Users\deans\AppData\Local\Arm\Packs\Keil\STM32L0xx_DFP\2.0.1\Drivers\STM32L0xx_HAL_Driver\Src\stm32l0xx_hal_lptim.c 0x00000000   Number         0  stm32l0xx_hal_lptim.o ABSOLUTE
    C:\Users\deans\AppData\Local\Arm\Packs\Keil\STM32L0xx_DFP\2.0.1\Drivers\STM32L0xx_HAL_Driver\Src\stm32l0xx_hal_pcd.c 0x00000000   Number         0  stm32l0xx_hal_pcd.o ABSOLUTE
    C:\Users\deans\AppData\Local\Arm\Packs\Keil\STM32L0xx_DFP\2.0.1\Drivers\STM32L0xx_HAL_Driver\Src\stm32l0xx_hal_pcd_ex.c 0x00000000   Number         0  stm32l0xx_hal_pcd_ex.o ABSOLUTE
    C:\Users\deans\AppData\Local\Arm\Packs\Keil\STM32L0xx_DFP\2.0.1\Drivers\STM32L0xx_HAL_Driver\Src\stm32l0xx_hal_pwr.c 0x00000000   Number         0  stm32l0xx_hal_pwr.o ABSOLUTE
    C:\Users\deans\AppData\Local\Arm\Packs\Keil\STM32L0xx_DFP\2.0.1\Drivers\STM32L0xx_HAL_Driver\Src\stm32l0xx_hal_pwr_ex.c 0x00000000   Number         0  stm32l0xx_hal_pwr_ex.o ABSOLUTE
    C:\Users\deans\AppData\Local\Arm\Packs\Keil\STM32L0xx_DFP\2.0.1\Drivers\STM32L0xx_HAL_Driver\Src\stm32l0xx_hal_rcc.c 0x00000000   Number         0  stm32l0xx_hal_rcc.o ABSOLUTE
    C:\Users\deans\AppData\Local\Arm\Packs\Keil\STM32L0xx_DFP\2.0.1\Drivers\STM32L0xx_HAL_Driver\Src\stm32l0xx_hal_rcc_ex.c 0x00000000   Number         0  stm32l0xx_hal_rcc_ex.o ABSOLUTE
    C:\Users\deans\AppData\Local\Arm\Packs\Keil\STM32L0xx_DFP\2.0.1\Drivers\STM32L0xx_HAL_Driver\Src\stm32l0xx_hal_rng.c 0x00000000   Number         0  stm32l0xx_hal_rng.o ABSOLUTE
    C:\Users\deans\AppData\Local\Arm\Packs\Keil\STM32L0xx_DFP\2.0.1\Drivers\STM32L0xx_HAL_Driver\Src\stm32l0xx_hal_rtc.c 0x00000000   Number         0  stm32l0xx_hal_rtc.o ABSOLUTE
    C:\Users\deans\AppData\Local\Arm\Packs\Keil\STM32L0xx_DFP\2.0.1\Drivers\STM32L0xx_HAL_Driver\Src\stm32l0xx_hal_rtc_ex.c 0x00000000   Number         0  stm32l0xx_hal_rtc_ex.o ABSOLUTE
    C:\Users\deans\AppData\Local\Arm\Packs\Keil\STM32L0xx_DFP\2.0.1\Drivers\STM32L0xx_HAL_Driver\Src\stm32l0xx_hal_smartcard.c 0x00000000   Number         0  stm32l0xx_hal_smartcard.o ABSOLUTE
    C:\Users\deans\AppData\Local\Arm\Packs\Keil\STM32L0xx_DFP\2.0.1\Drivers\STM32L0xx_HAL_Driver\Src\stm32l0xx_hal_smartcard_ex.c 0x00000000   Number         0  stm32l0xx_hal_smartcard_ex.o ABSOLUTE
    C:\Users\deans\AppData\Local\Arm\Packs\Keil\STM32L0xx_DFP\2.0.1\Drivers\STM32L0xx_HAL_Driver\Src\stm32l0xx_hal_smbus.c 0x00000000   Number         0  stm32l0xx_hal_smbus.o ABSOLUTE
    C:\Users\deans\AppData\Local\Arm\Packs\Keil\STM32L0xx_DFP\2.0.1\Drivers\STM32L0xx_HAL_Driver\Src\stm32l0xx_hal_spi.c 0x00000000   Number         0  stm32l0xx_hal_spi.o ABSOLUTE
    C:\Users\deans\AppData\Local\Arm\Packs\Keil\STM32L0xx_DFP\2.0.1\Drivers\STM32L0xx_HAL_Driver\Src\stm32l0xx_hal_tim.c 0x00000000   Number         0  stm32l0xx_hal_tim.o ABSOLUTE
    C:\Users\deans\AppData\Local\Arm\Packs\Keil\STM32L0xx_DFP\2.0.1\Drivers\STM32L0xx_HAL_Driver\Src\stm32l0xx_hal_tim_ex.c 0x00000000   Number         0  stm32l0xx_hal_tim_ex.o ABSOLUTE
    C:\Users\deans\AppData\Local\Arm\Packs\Keil\STM32L0xx_DFP\2.0.1\Drivers\STM32L0xx_HAL_Driver\Src\stm32l0xx_hal_tsc.c 0x00000000   Number         0  stm32l0xx_hal_tsc.o ABSOLUTE
    C:\Users\deans\AppData\Local\Arm\Packs\Keil\STM32L0xx_DFP\2.0.1\Drivers\STM32L0xx_HAL_Driver\Src\stm32l0xx_hal_uart.c 0x00000000   Number         0  stm32l0xx_hal_uart.o ABSOLUTE
    C:\Users\deans\AppData\Local\Arm\Packs\Keil\STM32L0xx_DFP\2.0.1\Drivers\STM32L0xx_HAL_Driver\Src\stm32l0xx_hal_uart_ex.c 0x00000000   Number         0  stm32l0xx_hal_uart_ex.o ABSOLUTE
    C:\Users\deans\AppData\Local\Arm\Packs\Keil\STM32L0xx_DFP\2.0.1\Drivers\STM32L0xx_HAL_Driver\Src\stm32l0xx_hal_usart.c 0x00000000   Number         0  stm32l0xx_hal_usart.o ABSOLUTE
    C:\Users\deans\AppData\Local\Arm\Packs\Keil\STM32L0xx_DFP\2.0.1\Drivers\STM32L0xx_HAL_Driver\Src\stm32l0xx_hal_wwdg.c 0x00000000   Number         0  stm32l0xx_hal_wwdg.o ABSOLUTE
    C:\Users\deans\AppData\Local\Arm\Packs\Keil\STM32L0xx_DFP\2.0.1\Drivers\STM32L0xx_HAL_Driver\Src\stm32l0xx_ll_adc.c 0x00000000   Number         0  stm32l0xx_ll_adc.o ABSOLUTE
    C:\Users\deans\AppData\Local\Arm\Packs\Keil\STM32L0xx_DFP\2.0.1\Drivers\STM32L0xx_HAL_Driver\Src\stm32l0xx_ll_comp.c 0x00000000   Number         0  stm32l0xx_ll_comp.o ABSOLUTE
    C:\Users\deans\AppData\Local\Arm\Packs\Keil\STM32L0xx_DFP\2.0.1\Drivers\STM32L0xx_HAL_Driver\Src\stm32l0xx_ll_crc.c 0x00000000   Number         0  stm32l0xx_ll_crc.o ABSOLUTE
    C:\Users\deans\AppData\Local\Arm\Packs\Keil\STM32L0xx_DFP\2.0.1\Drivers\STM32L0xx_HAL_Driver\Src\stm32l0xx_ll_crs.c 0x00000000   Number         0  stm32l0xx_ll_crs.o ABSOLUTE
    C:\Users\deans\AppData\Local\Arm\Packs\Keil\STM32L0xx_DFP\2.0.1\Drivers\STM32L0xx_HAL_Driver\Src\stm32l0xx_ll_dac.c 0x00000000   Number         0  stm32l0xx_ll_dac.o ABSOLUTE
    C:\Users\deans\AppData\Local\Arm\Packs\Keil\STM32L0xx_DFP\2.0.1\Drivers\STM32L0xx_HAL_Driver\Src\stm32l0xx_ll_dma.c 0x00000000   Number         0  stm32l0xx_ll_dma.o ABSOLUTE
    C:\Users\deans\AppData\Local\Arm\Packs\Keil\STM32L0xx_DFP\2.0.1\Drivers\STM32L0xx_HAL_Driver\Src\stm32l0xx_ll_exti.c 0x00000000   Number         0  stm32l0xx_ll_exti.o ABSOLUTE
    C:\Users\deans\AppData\Local\Arm\Packs\Keil\STM32L0xx_DFP\2.0.1\Drivers\STM32L0xx_HAL_Driver\Src\stm32l0xx_ll_gpio.c 0x00000000   Number         0  stm32l0xx_ll_gpio.o ABSOLUTE
    C:\Users\deans\AppData\Local\Arm\Packs\Keil\STM32L0xx_DFP\2.0.1\Drivers\STM32L0xx_HAL_Driver\Src\stm32l0xx_ll_i2c.c 0x00000000   Number         0  stm32l0xx_ll_i2c.o ABSOLUTE
    C:\Users\deans\AppData\Local\Arm\Packs\Keil\STM32L0xx_DFP\2.0.1\Drivers\STM32L0xx_HAL_Driver\Src\stm32l0xx_ll_lptim.c 0x00000000   Number         0  stm32l0xx_ll_lptim.o ABSOLUTE
    C:\Users\deans\AppData\Local\Arm\Packs\Keil\STM32L0xx_DFP\2.0.1\Drivers\STM32L0xx_HAL_Driver\Src\stm32l0xx_ll_lpuart.c 0x00000000   Number         0  stm32l0xx_ll_lpuart.o ABSOLUTE
    C:\Users\deans\AppData\Local\Arm\Packs\Keil\STM32L0xx_DFP\2.0.1\Drivers\STM32L0xx_HAL_Driver\Src\stm32l0xx_ll_pwr.c 0x00000000   Number         0  stm32l0xx_ll_pwr.o ABSOLUTE
    C:\Users\deans\AppData\Local\Arm\Packs\Keil\STM32L0xx_DFP\2.0.1\Drivers\STM32L0xx_HAL_Driver\Src\stm32l0xx_ll_rcc.c 0x00000000   Number         0  stm32l0xx_ll_rcc.o ABSOLUTE
    C:\Users\deans\AppData\Local\Arm\Packs\Keil\STM32L0xx_DFP\2.0.1\Drivers\STM32L0xx_HAL_Driver\Src\stm32l0xx_ll_rng.c 0x00000000   Number         0  stm32l0xx_ll_rng.o ABSOLUTE
    C:\Users\deans\AppData\Local\Arm\Packs\Keil\STM32L0xx_DFP\2.0.1\Drivers\STM32L0xx_HAL_Driver\Src\stm32l0xx_ll_rtc.c 0x00000000   Number         0  stm32l0xx_ll_rtc.o ABSOLUTE
    C:\Users\deans\AppData\Local\Arm\Packs\Keil\STM32L0xx_DFP\2.0.1\Drivers\STM32L0xx_HAL_Driver\Src\stm32l0xx_ll_spi.c 0x00000000   Number         0  stm32l0xx_ll_spi.o ABSOLUTE
    C:\Users\deans\AppData\Local\Arm\Packs\Keil\STM32L0xx_DFP\2.0.1\Drivers\STM32L0xx_HAL_Driver\Src\stm32l0xx_ll_tim.c 0x00000000   Number         0  stm32l0xx_ll_tim.o ABSOLUTE
    C:\Users\deans\AppData\Local\Arm\Packs\Keil\STM32L0xx_DFP\2.0.1\Drivers\STM32L0xx_HAL_Driver\Src\stm32l0xx_ll_usart.c 0x00000000   Number         0  stm32l0xx_ll_usart.o ABSOLUTE
    C:\Users\deans\AppData\Local\Arm\Packs\Keil\STM32L0xx_DFP\2.0.1\Drivers\STM32L0xx_HAL_Driver\Src\stm32l0xx_ll_utils.c 0x00000000   Number         0  stm32l0xx_ll_utils.o ABSOLUTE
    C:\Users\deans\AppData\Local\Arm\Packs\Keil\STM32L0xx_DFP\2.0.1\MDK\Driver\stm32l0xx_ll.c 0x00000000   Number         0  stm32l0xx_ll.o ABSOLUTE
    C:\Users\deans\Documents\Senior design project\Programming\RTE\Device\STM32L011D4Px\STCubeGenerated\MDK-ARM\startup_stm32l011xx.s 0x00000000   Number         0  startup_stm32l011xx.o ABSOLUTE
    C:\Users\deans\Documents\Senior design project\Programming\RTE\Device\STM32L011D4Px\STCubeGenerated\Src\stm32l0xx_hal_msp.c 0x00000000   Number         0  stm32l0xx_hal_msp.o ABSOLUTE
    C:\Users\deans\Documents\Senior design project\Programming\RTE\Device\STM32L011D4Px\STCubeGenerated\Src\system_stm32l0xx.c 0x00000000   Number         0  system_stm32l0xx.o ABSOLUTE
    C:\\Users\\deans\\AppData\\Local\\Arm\\Packs\\Keil\\STM32L0xx_DFP\\2.0.1\\Drivers\\STM32L0xx_HAL_Driver\\Src\\stm32l0xx_hal.c 0x00000000   Number         0  stm32l0xx_hal.o ABSOLUTE
    C:\\Users\\deans\\AppData\\Local\\Arm\\Packs\\Keil\\STM32L0xx_DFP\\2.0.1\\Drivers\\STM32L0xx_HAL_Driver\\Src\\stm32l0xx_hal_adc.c 0x00000000   Number         0  stm32l0xx_hal_adc.o ABSOLUTE
    C:\\Users\\deans\\AppData\\Local\\Arm\\Packs\\Keil\\STM32L0xx_DFP\\2.0.1\\Drivers\\STM32L0xx_HAL_Driver\\Src\\stm32l0xx_hal_adc_ex.c 0x00000000   Number         0  stm32l0xx_hal_adc_ex.o ABSOLUTE
    C:\\Users\\deans\\AppData\\Local\\Arm\\Packs\\Keil\\STM32L0xx_DFP\\2.0.1\\Drivers\\STM32L0xx_HAL_Driver\\Src\\stm32l0xx_hal_comp.c 0x00000000   Number         0  stm32l0xx_hal_comp.o ABSOLUTE
    C:\\Users\\deans\\AppData\\Local\\Arm\\Packs\\Keil\\STM32L0xx_DFP\\2.0.1\\Drivers\\STM32L0xx_HAL_Driver\\Src\\stm32l0xx_hal_comp_ex.c 0x00000000   Number         0  stm32l0xx_hal_comp_ex.o ABSOLUTE
    C:\\Users\\deans\\AppData\\Local\\Arm\\Packs\\Keil\\STM32L0xx_DFP\\2.0.1\\Drivers\\STM32L0xx_HAL_Driver\\Src\\stm32l0xx_hal_cortex.c 0x00000000   Number         0  stm32l0xx_hal_cortex.o ABSOLUTE
    C:\\Users\\deans\\AppData\\Local\\Arm\\Packs\\Keil\\STM32L0xx_DFP\\2.0.1\\Drivers\\STM32L0xx_HAL_Driver\\Src\\stm32l0xx_hal_crc.c 0x00000000   Number         0  stm32l0xx_hal_crc.o ABSOLUTE
    C:\\Users\\deans\\AppData\\Local\\Arm\\Packs\\Keil\\STM32L0xx_DFP\\2.0.1\\Drivers\\STM32L0xx_HAL_Driver\\Src\\stm32l0xx_hal_crc_ex.c 0x00000000   Number         0  stm32l0xx_hal_crc_ex.o ABSOLUTE
    C:\\Users\\deans\\AppData\\Local\\Arm\\Packs\\Keil\\STM32L0xx_DFP\\2.0.1\\Drivers\\STM32L0xx_HAL_Driver\\Src\\stm32l0xx_hal_dma.c 0x00000000   Number         0  stm32l0xx_hal_dma.o ABSOLUTE
    C:\\Users\\deans\\AppData\\Local\\Arm\\Packs\\Keil\\STM32L0xx_DFP\\2.0.1\\Drivers\\STM32L0xx_HAL_Driver\\Src\\stm32l0xx_hal_flash.c 0x00000000   Number         0  stm32l0xx_hal_flash.o ABSOLUTE
    C:\\Users\\deans\\AppData\\Local\\Arm\\Packs\\Keil\\STM32L0xx_DFP\\2.0.1\\Drivers\\STM32L0xx_HAL_Driver\\Src\\stm32l0xx_hal_flash_ex.c 0x00000000   Number         0  stm32l0xx_hal_flash_ex.o ABSOLUTE
    C:\\Users\\deans\\AppData\\Local\\Arm\\Packs\\Keil\\STM32L0xx_DFP\\2.0.1\\Drivers\\STM32L0xx_HAL_Driver\\Src\\stm32l0xx_hal_flash_ramfunc.c 0x00000000   Number         0  stm32l0xx_hal_flash_ramfunc.o ABSOLUTE
    C:\\Users\\deans\\AppData\\Local\\Arm\\Packs\\Keil\\STM32L0xx_DFP\\2.0.1\\Drivers\\STM32L0xx_HAL_Driver\\Src\\stm32l0xx_hal_gpio.c 0x00000000   Number         0  stm32l0xx_hal_gpio.o ABSOLUTE
    C:\\Users\\deans\\AppData\\Local\\Arm\\Packs\\Keil\\STM32L0xx_DFP\\2.0.1\\Drivers\\STM32L0xx_HAL_Driver\\Src\\stm32l0xx_hal_i2c.c 0x00000000   Number         0  stm32l0xx_hal_i2c.o ABSOLUTE
    C:\\Users\\deans\\AppData\\Local\\Arm\\Packs\\Keil\\STM32L0xx_DFP\\2.0.1\\Drivers\\STM32L0xx_HAL_Driver\\Src\\stm32l0xx_hal_i2c_ex.c 0x00000000   Number         0  stm32l0xx_hal_i2c_ex.o ABSOLUTE
    C:\\Users\\deans\\AppData\\Local\\Arm\\Packs\\Keil\\STM32L0xx_DFP\\2.0.1\\Drivers\\STM32L0xx_HAL_Driver\\Src\\stm32l0xx_hal_i2s.c 0x00000000   Number         0  stm32l0xx_hal_i2s.o ABSOLUTE
    C:\\Users\\deans\\AppData\\Local\\Arm\\Packs\\Keil\\STM32L0xx_DFP\\2.0.1\\Drivers\\STM32L0xx_HAL_Driver\\Src\\stm32l0xx_hal_irda.c 0x00000000   Number         0  stm32l0xx_hal_irda.o ABSOLUTE
    C:\\Users\\deans\\AppData\\Local\\Arm\\Packs\\Keil\\STM32L0xx_DFP\\2.0.1\\Drivers\\STM32L0xx_HAL_Driver\\Src\\stm32l0xx_hal_iwdg.c 0x00000000   Number         0  stm32l0xx_hal_iwdg.o ABSOLUTE
    C:\\Users\\deans\\AppData\\Local\\Arm\\Packs\\Keil\\STM32L0xx_DFP\\2.0.1\\Drivers\\STM32L0xx_HAL_Driver\\Src\\stm32l0xx_hal_lcd.c 0x00000000   Number         0  stm32l0xx_hal_lcd.o ABSOLUTE
    C:\\Users\\deans\\AppData\\Local\\Arm\\Packs\\Keil\\STM32L0xx_DFP\\2.0.1\\Drivers\\STM32L0xx_HAL_Driver\\Src\\stm32l0xx_hal_lptim.c 0x00000000   Number         0  stm32l0xx_hal_lptim.o ABSOLUTE
    C:\\Users\\deans\\AppData\\Local\\Arm\\Packs\\Keil\\STM32L0xx_DFP\\2.0.1\\Drivers\\STM32L0xx_HAL_Driver\\Src\\stm32l0xx_hal_pcd.c 0x00000000   Number         0  stm32l0xx_hal_pcd.o ABSOLUTE
    C:\\Users\\deans\\AppData\\Local\\Arm\\Packs\\Keil\\STM32L0xx_DFP\\2.0.1\\Drivers\\STM32L0xx_HAL_Driver\\Src\\stm32l0xx_hal_pcd_ex.c 0x00000000   Number         0  stm32l0xx_hal_pcd_ex.o ABSOLUTE
    C:\\Users\\deans\\AppData\\Local\\Arm\\Packs\\Keil\\STM32L0xx_DFP\\2.0.1\\Drivers\\STM32L0xx_HAL_Driver\\Src\\stm32l0xx_hal_pwr.c 0x00000000   Number         0  stm32l0xx_hal_pwr.o ABSOLUTE
    C:\\Users\\deans\\AppData\\Local\\Arm\\Packs\\Keil\\STM32L0xx_DFP\\2.0.1\\Drivers\\STM32L0xx_HAL_Driver\\Src\\stm32l0xx_hal_pwr_ex.c 0x00000000   Number         0  stm32l0xx_hal_pwr_ex.o ABSOLUTE
    C:\\Users\\deans\\AppData\\Local\\Arm\\Packs\\Keil\\STM32L0xx_DFP\\2.0.1\\Drivers\\STM32L0xx_HAL_Driver\\Src\\stm32l0xx_hal_rcc.c 0x00000000   Number         0  stm32l0xx_hal_rcc.o ABSOLUTE
    C:\\Users\\deans\\AppData\\Local\\Arm\\Packs\\Keil\\STM32L0xx_DFP\\2.0.1\\Drivers\\STM32L0xx_HAL_Driver\\Src\\stm32l0xx_hal_rcc_ex.c 0x00000000   Number         0  stm32l0xx_hal_rcc_ex.o ABSOLUTE
    C:\\Users\\deans\\AppData\\Local\\Arm\\Packs\\Keil\\STM32L0xx_DFP\\2.0.1\\Drivers\\STM32L0xx_HAL_Driver\\Src\\stm32l0xx_hal_rng.c 0x00000000   Number         0  stm32l0xx_hal_rng.o ABSOLUTE
    C:\\Users\\deans\\AppData\\Local\\Arm\\Packs\\Keil\\STM32L0xx_DFP\\2.0.1\\Drivers\\STM32L0xx_HAL_Driver\\Src\\stm32l0xx_hal_rtc.c 0x00000000   Number         0  stm32l0xx_hal_rtc.o ABSOLUTE
    C:\\Users\\deans\\AppData\\Local\\Arm\\Packs\\Keil\\STM32L0xx_DFP\\2.0.1\\Drivers\\STM32L0xx_HAL_Driver\\Src\\stm32l0xx_hal_rtc_ex.c 0x00000000   Number         0  stm32l0xx_hal_rtc_ex.o ABSOLUTE
    C:\\Users\\deans\\AppData\\Local\\Arm\\Packs\\Keil\\STM32L0xx_DFP\\2.0.1\\Drivers\\STM32L0xx_HAL_Driver\\Src\\stm32l0xx_hal_smartcard.c 0x00000000   Number         0  stm32l0xx_hal_smartcard.o ABSOLUTE
    C:\\Users\\deans\\AppData\\Local\\Arm\\Packs\\Keil\\STM32L0xx_DFP\\2.0.1\\Drivers\\STM32L0xx_HAL_Driver\\Src\\stm32l0xx_hal_smartcard_ex.c 0x00000000   Number         0  stm32l0xx_hal_smartcard_ex.o ABSOLUTE
    C:\\Users\\deans\\AppData\\Local\\Arm\\Packs\\Keil\\STM32L0xx_DFP\\2.0.1\\Drivers\\STM32L0xx_HAL_Driver\\Src\\stm32l0xx_hal_smbus.c 0x00000000   Number         0  stm32l0xx_hal_smbus.o ABSOLUTE
    C:\\Users\\deans\\AppData\\Local\\Arm\\Packs\\Keil\\STM32L0xx_DFP\\2.0.1\\Drivers\\STM32L0xx_HAL_Driver\\Src\\stm32l0xx_hal_spi.c 0x00000000   Number         0  stm32l0xx_hal_spi.o ABSOLUTE
    C:\\Users\\deans\\AppData\\Local\\Arm\\Packs\\Keil\\STM32L0xx_DFP\\2.0.1\\Drivers\\STM32L0xx_HAL_Driver\\Src\\stm32l0xx_hal_tim.c 0x00000000   Number         0  stm32l0xx_hal_tim.o ABSOLUTE
    C:\\Users\\deans\\AppData\\Local\\Arm\\Packs\\Keil\\STM32L0xx_DFP\\2.0.1\\Drivers\\STM32L0xx_HAL_Driver\\Src\\stm32l0xx_hal_tim_ex.c 0x00000000   Number         0  stm32l0xx_hal_tim_ex.o ABSOLUTE
    C:\\Users\\deans\\AppData\\Local\\Arm\\Packs\\Keil\\STM32L0xx_DFP\\2.0.1\\Drivers\\STM32L0xx_HAL_Driver\\Src\\stm32l0xx_hal_tsc.c 0x00000000   Number         0  stm32l0xx_hal_tsc.o ABSOLUTE
    C:\\Users\\deans\\AppData\\Local\\Arm\\Packs\\Keil\\STM32L0xx_DFP\\2.0.1\\Drivers\\STM32L0xx_HAL_Driver\\Src\\stm32l0xx_hal_uart.c 0x00000000   Number         0  stm32l0xx_hal_uart.o ABSOLUTE
    C:\\Users\\deans\\AppData\\Local\\Arm\\Packs\\Keil\\STM32L0xx_DFP\\2.0.1\\Drivers\\STM32L0xx_HAL_Driver\\Src\\stm32l0xx_hal_uart_ex.c 0x00000000   Number         0  stm32l0xx_hal_uart_ex.o ABSOLUTE
    C:\\Users\\deans\\AppData\\Local\\Arm\\Packs\\Keil\\STM32L0xx_DFP\\2.0.1\\Drivers\\STM32L0xx_HAL_Driver\\Src\\stm32l0xx_hal_usart.c 0x00000000   Number         0  stm32l0xx_hal_usart.o ABSOLUTE
    C:\\Users\\deans\\AppData\\Local\\Arm\\Packs\\Keil\\STM32L0xx_DFP\\2.0.1\\Drivers\\STM32L0xx_HAL_Driver\\Src\\stm32l0xx_hal_wwdg.c 0x00000000   Number         0  stm32l0xx_hal_wwdg.o ABSOLUTE
    C:\\Users\\deans\\AppData\\Local\\Arm\\Packs\\Keil\\STM32L0xx_DFP\\2.0.1\\Drivers\\STM32L0xx_HAL_Driver\\Src\\stm32l0xx_ll_utils.c 0x00000000   Number         0  stm32l0xx_ll_utils.o ABSOLUTE
    C:\\Users\\deans\\Documents\\Senior design project\\Programming\\RTE\\Device\\STM32L011D4Px\\STCubeGenerated\\Src\\stm32l0xx_hal_msp.c 0x00000000   Number         0  stm32l0xx_hal_msp.o ABSOLUTE
    C:\\Users\\deans\\Documents\\Senior design project\\Programming\\RTE\\Device\\STM32L011D4Px\\STCubeGenerated\\Src\\system_stm32l0xx.c 0x00000000   Number         0  system_stm32l0xx.o ABSOLUTE
    RTE\Device\STM32L011D4Px\STCubeGenerated\Src\main.c 0x00000000   Number         0  main.o ABSOLUTE
    RTE\Device\STM32L011D4Px\STCubeGenerated\Src\stm32l0xx_it.c 0x00000000   Number         0  stm32l0xx_it.o ABSOLUTE
    RTE\\Device\\STM32L011D4Px\\STCubeGenerated\\Src\\main.c 0x00000000   Number         0  main.o ABSOLUTE
    RTE\\Device\\STM32L011D4Px\\STCubeGenerated\\Src\\stm32l0xx_it.c 0x00000000   Number         0  stm32l0xx_it.o ABSOLUTE
    dc.s                                     0x00000000   Number         0  dc.o ABSOLUTE
    RESET                                    0x08000000   Section      192  startup_stm32l011xx.o(RESET)
    !!!main                                  0x080000c0   Section        8  __main.o(!!!main)
    !!!scatter                               0x080000c8   Section       60  __scatter.o(!!!scatter)
    !!handler_copy                           0x08000104   Section       26  __scatter_copy.o(!!handler_copy)
    !!handler_zi                             0x08000120   Section       28  __scatter_zi.o(!!handler_zi)
    .ARM.Collect$$libinit$$00000000          0x0800013c   Section        2  libinit.o(.ARM.Collect$$libinit$$00000000)
    .ARM.Collect$$libinit$$00000002          0x0800013e   Section        0  libinit2.o(.ARM.Collect$$libinit$$00000002)
    .ARM.Collect$$libinit$$00000004          0x0800013e   Section        0  libinit2.o(.ARM.Collect$$libinit$$00000004)
    .ARM.Collect$$libinit$$0000000A          0x0800013e   Section        0  libinit2.o(.ARM.Collect$$libinit$$0000000A)
    .ARM.Collect$$libinit$$0000000C          0x0800013e   Section        0  libinit2.o(.ARM.Collect$$libinit$$0000000C)
    .ARM.Collect$$libinit$$0000000E          0x0800013e   Section        0  libinit2.o(.ARM.Collect$$libinit$$0000000E)
    .ARM.Collect$$libinit$$00000011          0x0800013e   Section        0  libinit2.o(.ARM.Collect$$libinit$$00000011)
    .ARM.Collect$$libinit$$00000013          0x0800013e   Section        0  libinit2.o(.ARM.Collect$$libinit$$00000013)
    .ARM.Collect$$libinit$$00000015          0x0800013e   Section        0  libinit2.o(.ARM.Collect$$libinit$$00000015)
    .ARM.Collect$$libinit$$00000017          0x0800013e   Section        0  libinit2.o(.ARM.Collect$$libinit$$00000017)
    .ARM.Collect$$libinit$$00000019          0x0800013e   Section        0  libinit2.o(.ARM.Collect$$libinit$$00000019)
    .ARM.Collect$$libinit$$0000001B          0x0800013e   Section        0  libinit2.o(.ARM.Collect$$libinit$$0000001B)
    .ARM.Collect$$libinit$$0000001D          0x0800013e   Section        0  libinit2.o(.ARM.Collect$$libinit$$0000001D)
    .ARM.Collect$$libinit$$0000001F          0x0800013e   Section        0  libinit2.o(.ARM.Collect$$libinit$$0000001F)
    .ARM.Collect$$libinit$$00000021          0x0800013e   Section        0  libinit2.o(.ARM.Collect$$libinit$$00000021)
    .ARM.Collect$$libinit$$00000023          0x0800013e   Section        0  libinit2.o(.ARM.Collect$$libinit$$00000023)
    .ARM.Collect$$libinit$$00000025          0x0800013e   Section        0  libinit2.o(.ARM.Collect$$libinit$$00000025)
    .ARM.Collect$$libinit$$0000002C          0x0800013e   Section        0  libinit2.o(.ARM.Collect$$libinit$$0000002C)
    .ARM.Collect$$libinit$$0000002E          0x0800013e   Section        0  libinit2.o(.ARM.Collect$$libinit$$0000002E)
    .ARM.Collect$$libinit$$00000030          0x0800013e   Section        0  libinit2.o(.ARM.Collect$$libinit$$00000030)
    .ARM.Collect$$libinit$$00000032          0x0800013e   Section        0  libinit2.o(.ARM.Collect$$libinit$$00000032)
    .ARM.Collect$$libinit$$00000033          0x0800013e   Section        2  libinit2.o(.ARM.Collect$$libinit$$00000033)
    .ARM.Collect$$libshutdown$$00000000      0x08000140   Section        2  libshutdown.o(.ARM.Collect$$libshutdown$$00000000)
    .ARM.Collect$$libshutdown$$00000002      0x08000142   Section        0  libshutdown2.o(.ARM.Collect$$libshutdown$$00000002)
    .ARM.Collect$$libshutdown$$00000004      0x08000142   Section        0  libshutdown2.o(.ARM.Collect$$libshutdown$$00000004)
    .ARM.Collect$$libshutdown$$00000007      0x08000142   Section        0  libshutdown2.o(.ARM.Collect$$libshutdown$$00000007)
    .ARM.Collect$$libshutdown$$0000000A      0x08000142   Section        0  libshutdown2.o(.ARM.Collect$$libshutdown$$0000000A)
    .ARM.Collect$$libshutdown$$0000000C      0x08000142   Section        0  libshutdown2.o(.ARM.Collect$$libshutdown$$0000000C)
    .ARM.Collect$$libshutdown$$0000000F      0x08000142   Section        0  libshutdown2.o(.ARM.Collect$$libshutdown$$0000000F)
    .ARM.Collect$$libshutdown$$00000010      0x08000142   Section        2  libshutdown2.o(.ARM.Collect$$libshutdown$$00000010)
    .ARM.Collect$$rtentry$$00000000          0x08000144   Section        0  __rtentry.o(.ARM.Collect$$rtentry$$00000000)
    .ARM.Collect$$rtentry$$00000002          0x08000144   Section        0  __rtentry2.o(.ARM.Collect$$rtentry$$00000002)
    .ARM.Collect$$rtentry$$00000004          0x08000144   Section        6  __rtentry4.o(.ARM.Collect$$rtentry$$00000004)
    .ARM.Collect$$rtentry$$00000009          0x0800014a   Section        0  __rtentry2.o(.ARM.Collect$$rtentry$$00000009)
    .ARM.Collect$$rtentry$$0000000A          0x0800014a   Section        4  __rtentry2.o(.ARM.Collect$$rtentry$$0000000A)
    .ARM.Collect$$rtentry$$0000000C          0x0800014e   Section        0  __rtentry2.o(.ARM.Collect$$rtentry$$0000000C)
    .ARM.Collect$$rtentry$$0000000D          0x0800014e   Section        8  __rtentry2.o(.ARM.Collect$$rtentry$$0000000D)
    .ARM.Collect$$rtexit$$00000000           0x08000156   Section        2  rtexit.o(.ARM.Collect$$rtexit$$00000000)
    .ARM.Collect$$rtexit$$00000002           0x08000158   Section        0  rtexit2.o(.ARM.Collect$$rtexit$$00000002)
    .ARM.Collect$$rtexit$$00000003           0x08000158   Section        4  rtexit2.o(.ARM.Collect$$rtexit$$00000003)
    .ARM.Collect$$rtexit$$00000004           0x0800015c   Section        6  rtexit2.o(.ARM.Collect$$rtexit$$00000004)
    .text                                    0x08000164   Section      116  startup_stm32l011xx.o(.text)
    .text                                    0x080001d8   Section        0  lludiv.o(.text)
    .text                                    0x080002da   Section        0  rt_memclr.o(.text)
    .text                                    0x0800031a   Section      346  aeabi_sdiv.o(.text)
    .text                                    0x08000474   Section        0  heapauxi.o(.text)
    .text                                    0x0800047a   Section       62  sys_stackheap_outer.o(.text)
    .text                                    0x080004b8   Section        0  exit.o(.text)
    .text                                    0x080004c8   Section        8  libspace.o(.text)
    .text                                    0x080004d0   Section        0  sys_exit.o(.text)
    .text                                    0x080004dc   Section        2  use_no_semi.o(.text)
    .text                                    0x080004de   Section        0  indicate_semi.o(.text)
    i.Bass_Adjust                            0x080004de   Section        0  main.o(i.Bass_Adjust)
    i.Bass_Volume                            0x08000510   Section        0  main.o(i.Bass_Volume)
    Bass_Volume                              0x08000511   Thumb Code   162  main.o(i.Bass_Volume)
    i.Button_Duration                        0x080005cc   Section        0  main.o(i.Button_Duration)
    i.Button_State                           0x08000624   Section        0  main.o(i.Button_State)
    i.EXTI4_15_IRQHandler                    0x08000644   Section        0  stm32l0xx_it.o(i.EXTI4_15_IRQHandler)
    i.Error_Handler                          0x08000650   Section        0  main.o(i.Error_Handler)
    i.HAL_CRCEx_Polynomial_Set               0x08000652   Section        0  stm32l0xx_hal_crc_ex.o(i.HAL_CRCEx_Polynomial_Set)
    i.HAL_CRC_Init                           0x080006bc   Section        0  stm32l0xx_hal_crc.o(i.HAL_CRC_Init)
    i.HAL_CRC_MspInit                        0x08000748   Section        0  stm32l0xx_hal_msp.o(i.HAL_CRC_MspInit)
    i.HAL_DMA_Abort_IT                       0x08000778   Section        0  stm32l0xx_hal_dma.o(i.HAL_DMA_Abort_IT)
    i.HAL_GPIO_EXTI_Callback                 0x080007d4   Section        0  stm32l0xx_hal_gpio.o(i.HAL_GPIO_EXTI_Callback)
    i.HAL_GPIO_EXTI_IRQHandler               0x080007d8   Section        0  stm32l0xx_hal_gpio.o(i.HAL_GPIO_EXTI_IRQHandler)
    i.HAL_GPIO_Init                          0x080007f8   Section        0  stm32l0xx_hal_gpio.o(i.HAL_GPIO_Init)
    i.HAL_GPIO_ReadPin                       0x080009c8   Section        0  stm32l0xx_hal_gpio.o(i.HAL_GPIO_ReadPin)
    i.HAL_GPIO_WritePin                      0x080009da   Section        0  stm32l0xx_hal_gpio.o(i.HAL_GPIO_WritePin)
    i.HAL_GetTick                            0x080009e8   Section        0  stm32l0xx_hal.o(i.HAL_GetTick)
    i.HAL_I2CEx_ConfigAnalogFilter           0x080009f4   Section        0  stm32l0xx_hal_i2c_ex.o(i.HAL_I2CEx_ConfigAnalogFilter)
    i.HAL_I2CEx_ConfigDigitalFilter          0x08000a62   Section        0  stm32l0xx_hal_i2c_ex.o(i.HAL_I2CEx_ConfigDigitalFilter)
    i.HAL_I2CEx_EnableFastModePlus           0x08000ad4   Section        0  stm32l0xx_hal_i2c_ex.o(i.HAL_I2CEx_EnableFastModePlus)
    i.HAL_I2C_AbortCpltCallback              0x08000af4   Section        0  stm32l0xx_hal_i2c.o(i.HAL_I2C_AbortCpltCallback)
    i.HAL_I2C_AddrCallback                   0x08000af6   Section        0  stm32l0xx_hal_i2c.o(i.HAL_I2C_AddrCallback)
    i.HAL_I2C_ER_IRQHandler                  0x08000af8   Section        0  stm32l0xx_hal_i2c.o(i.HAL_I2C_ER_IRQHandler)
    i.HAL_I2C_EV_IRQHandler                  0x08000b84   Section        0  stm32l0xx_hal_i2c.o(i.HAL_I2C_EV_IRQHandler)
    i.HAL_I2C_ErrorCallback                  0x08000ba2   Section        0  stm32l0xx_hal_i2c.o(i.HAL_I2C_ErrorCallback)
    i.HAL_I2C_Init                           0x08000ba4   Section        0  stm32l0xx_hal_i2c.o(i.HAL_I2C_Init)
    i.HAL_I2C_ListenCpltCallback             0x08000c78   Section        0  stm32l0xx_hal_i2c.o(i.HAL_I2C_ListenCpltCallback)
    i.HAL_I2C_Master_Transmit                0x08000c7c   Section        0  stm32l0xx_hal_i2c.o(i.HAL_I2C_Master_Transmit)
    i.HAL_I2C_MspInit                        0x08000de8   Section        0  stm32l0xx_hal_msp.o(i.HAL_I2C_MspInit)
    i.HAL_I2C_SlaveRxCpltCallback            0x08000e64   Section        0  stm32l0xx_hal_i2c.o(i.HAL_I2C_SlaveRxCpltCallback)
    i.HAL_I2C_SlaveTxCpltCallback            0x08000e66   Section        0  stm32l0xx_hal_i2c.o(i.HAL_I2C_SlaveTxCpltCallback)
    i.HAL_IWDG_Init                          0x08000e68   Section        0  stm32l0xx_hal_iwdg.o(i.HAL_IWDG_Init)
    i.HAL_IncTick                            0x08000ed4   Section        0  stm32l0xx_hal.o(i.HAL_IncTick)
    i.HAL_Init                               0x08000ee4   Section        0  stm32l0xx_hal.o(i.HAL_Init)
    i.HAL_InitTick                           0x08000f10   Section        0  stm32l0xx_hal.o(i.HAL_InitTick)
    i.HAL_MspInit                            0x08000f44   Section        0  stm32l0xx_hal_msp.o(i.HAL_MspInit)
    i.HAL_NVIC_EnableIRQ                     0x08000f64   Section        0  stm32l0xx_hal_cortex.o(i.HAL_NVIC_EnableIRQ)
    i.HAL_NVIC_SetPriority                   0x08000f80   Section        0  stm32l0xx_hal_cortex.o(i.HAL_NVIC_SetPriority)
    i.HAL_PWREx_DisableLowPowerRunMode       0x08000f94   Section        0  stm32l0xx_hal_pwr_ex.o(i.HAL_PWREx_DisableLowPowerRunMode)
    i.HAL_PWREx_EnableLowPowerRunMode        0x08000ff4   Section        0  stm32l0xx_hal_pwr_ex.o(i.HAL_PWREx_EnableLowPowerRunMode)
    i.HAL_PWR_EnableWakeUpPin                0x08001014   Section        0  stm32l0xx_hal_pwr.o(i.HAL_PWR_EnableWakeUpPin)
    i.HAL_PWR_EnterSTANDBYMode               0x08001024   Section        0  stm32l0xx_hal_pwr.o(i.HAL_PWR_EnterSTANDBYMode)
    i.HAL_RCCEx_PeriphCLKConfig              0x0800104c   Section        0  stm32l0xx_hal_rcc_ex.o(i.HAL_RCCEx_PeriphCLKConfig)
    i.HAL_RCC_ClockConfig                    0x08001258   Section        0  stm32l0xx_hal_rcc.o(i.HAL_RCC_ClockConfig)
    i.HAL_RCC_GetHCLKFreq                    0x08001460   Section        0  stm32l0xx_hal_rcc.o(i.HAL_RCC_GetHCLKFreq)
    i.HAL_RCC_GetPCLK1Freq                   0x0800146c   Section        0  stm32l0xx_hal_rcc.o(i.HAL_RCC_GetPCLK1Freq)
    i.HAL_RCC_GetPCLK2Freq                   0x08001490   Section        0  stm32l0xx_hal_rcc.o(i.HAL_RCC_GetPCLK2Freq)
    i.HAL_RCC_GetSysClockFreq                0x080014b4   Section        0  stm32l0xx_hal_rcc.o(i.HAL_RCC_GetSysClockFreq)
    i.HAL_RCC_OscConfig                      0x08001584   Section        0  stm32l0xx_hal_rcc.o(i.HAL_RCC_OscConfig)
    i.HAL_SYSTICK_Config                     0x08001bbc   Section        0  stm32l0xx_hal_cortex.o(i.HAL_SYSTICK_Config)
    i.HAL_UARTEx_WakeupCallback              0x08001bf4   Section        0  stm32l0xx_hal_uart_ex.o(i.HAL_UARTEx_WakeupCallback)
    i.HAL_UART_ErrorCallback                 0x08001bf6   Section        0  stm32l0xx_hal_uart.o(i.HAL_UART_ErrorCallback)
    i.HAL_UART_IRQHandler                    0x08001bf8   Section        0  stm32l0xx_hal_uart.o(i.HAL_UART_IRQHandler)
    i.HAL_UART_Init                          0x08001dc4   Section        0  stm32l0xx_hal_uart.o(i.HAL_UART_Init)
    i.HAL_UART_MspInit                       0x08001e44   Section        0  stm32l0xx_hal_msp.o(i.HAL_UART_MspInit)
    i.HAL_UART_Receive                       0x08001ec0   Section        0  stm32l0xx_hal_uart.o(i.HAL_UART_Receive)
    i.HAL_UART_Transmit                      0x08002020   Section        0  stm32l0xx_hal_uart.o(i.HAL_UART_Transmit)
    i.HAL_UART_TxCpltCallback                0x08002120   Section        0  stm32l0xx_hal_uart.o(i.HAL_UART_TxCpltCallback)
    i.HAL_WWDG_Init                          0x08002122   Section        0  stm32l0xx_hal_wwdg.o(i.HAL_WWDG_Init)
    i.HAL_WWDG_MspInit                       0x08002150   Section        0  stm32l0xx_hal_msp.o(i.HAL_WWDG_MspInit)
    i.HardFault_Handler                      0x08002170   Section        0  stm32l0xx_it.o(i.HardFault_Handler)
    i.I2C1_IRQHandler                        0x08002174   Section        0  stm32l0xx_it.o(i.I2C1_IRQHandler)
    i.I2C_DMAAbort                           0x0800219c   Section        0  stm32l0xx_hal_i2c.o(i.I2C_DMAAbort)
    I2C_DMAAbort                             0x0800219d   Thumb Code    46  stm32l0xx_hal_i2c.o(i.I2C_DMAAbort)
    i.I2C_Disable_IRQ                        0x080021ca   Section        0  stm32l0xx_hal_i2c.o(i.I2C_Disable_IRQ)
    I2C_Disable_IRQ                          0x080021cb   Thumb Code   122  stm32l0xx_hal_i2c.o(i.I2C_Disable_IRQ)
    i.I2C_Flush_TXDR                         0x08002244   Section        0  stm32l0xx_hal_i2c.o(i.I2C_Flush_TXDR)
    I2C_Flush_TXDR                           0x08002245   Thumb Code    50  stm32l0xx_hal_i2c.o(i.I2C_Flush_TXDR)
    i.I2C_ITAddrCplt                         0x08002276   Section        0  stm32l0xx_hal_i2c.o(i.I2C_ITAddrCplt)
    I2C_ITAddrCplt                           0x08002277   Thumb Code   204  stm32l0xx_hal_i2c.o(i.I2C_ITAddrCplt)
    i.I2C_ITError                            0x08002344   Section        0  stm32l0xx_hal_i2c.o(i.I2C_ITError)
    I2C_ITError                              0x08002345   Thumb Code   272  stm32l0xx_hal_i2c.o(i.I2C_ITError)
    i.I2C_ITListenCplt                       0x08002460   Section        0  stm32l0xx_hal_i2c.o(i.I2C_ITListenCplt)
    I2C_ITListenCplt                         0x08002461   Thumb Code   120  stm32l0xx_hal_i2c.o(i.I2C_ITListenCplt)
    i.I2C_ITSlaveCplt                        0x080024dc   Section        0  stm32l0xx_hal_i2c.o(i.I2C_ITSlaveCplt)
    I2C_ITSlaveCplt                          0x080024dd   Thumb Code   318  stm32l0xx_hal_i2c.o(i.I2C_ITSlaveCplt)
    i.I2C_ITSlaveSeqCplt                     0x08002624   Section        0  stm32l0xx_hal_i2c.o(i.I2C_ITSlaveSeqCplt)
    I2C_ITSlaveSeqCplt                       0x08002625   Thumb Code    98  stm32l0xx_hal_i2c.o(i.I2C_ITSlaveSeqCplt)
    i.I2C_IsAcknowledgeFailed                0x08002688   Section        0  stm32l0xx_hal_i2c.o(i.I2C_IsAcknowledgeFailed)
    I2C_IsAcknowledgeFailed                  0x08002689   Thumb Code   154  stm32l0xx_hal_i2c.o(i.I2C_IsAcknowledgeFailed)
    i.I2C_Slave_ISR_IT                       0x08002728   Section        0  stm32l0xx_hal_i2c.o(i.I2C_Slave_ISR_IT)
    I2C_Slave_ISR_IT                         0x08002729   Thumb Code   382  stm32l0xx_hal_i2c.o(i.I2C_Slave_ISR_IT)
    i.I2C_TransferConfig                     0x080028ac   Section        0  stm32l0xx_hal_i2c.o(i.I2C_TransferConfig)
    I2C_TransferConfig                       0x080028ad   Thumb Code    52  stm32l0xx_hal_i2c.o(i.I2C_TransferConfig)
    i.I2C_WaitOnFlagUntilTimeout             0x080028e4   Section        0  stm32l0xx_hal_i2c.o(i.I2C_WaitOnFlagUntilTimeout)
    I2C_WaitOnFlagUntilTimeout               0x080028e5   Thumb Code    88  stm32l0xx_hal_i2c.o(i.I2C_WaitOnFlagUntilTimeout)
    i.I2C_WaitOnSTOPFlagUntilTimeout         0x0800293c   Section        0  stm32l0xx_hal_i2c.o(i.I2C_WaitOnSTOPFlagUntilTimeout)
    I2C_WaitOnSTOPFlagUntilTimeout           0x0800293d   Thumb Code    90  stm32l0xx_hal_i2c.o(i.I2C_WaitOnSTOPFlagUntilTimeout)
    i.I2C_WaitOnTXISFlagUntilTimeout         0x08002996   Section        0  stm32l0xx_hal_i2c.o(i.I2C_WaitOnTXISFlagUntilTimeout)
    I2C_WaitOnTXISFlagUntilTimeout           0x08002997   Thumb Code    96  stm32l0xx_hal_i2c.o(i.I2C_WaitOnTXISFlagUntilTimeout)
    i.LPUART1_IRQHandler                     0x080029f8   Section        0  stm32l0xx_it.o(i.LPUART1_IRQHandler)
    i.MX_CRC_Init                            0x08002a08   Section        0  main.o(i.MX_CRC_Init)
    MX_CRC_Init                              0x08002a09   Thumb Code    44  main.o(i.MX_CRC_Init)
    i.MX_GPIO_Init                           0x08002a3c   Section        0  main.o(i.MX_GPIO_Init)
    MX_GPIO_Init                             0x08002a3d   Thumb Code   214  main.o(i.MX_GPIO_Init)
    i.MX_I2C1_Init                           0x08002b24   Section        0  main.o(i.MX_I2C1_Init)
    MX_I2C1_Init                             0x08002b25   Thumb Code    90  main.o(i.MX_I2C1_Init)
    i.MX_IWDG_Init                           0x08002b88   Section        0  main.o(i.MX_IWDG_Init)
    MX_IWDG_Init                             0x08002b89   Thumb Code    34  main.o(i.MX_IWDG_Init)
    i.MX_LPUART1_UART_Init                   0x08002bb8   Section        0  main.o(i.MX_LPUART1_UART_Init)
    MX_LPUART1_UART_Init                     0x08002bb9   Thumb Code    58  main.o(i.MX_LPUART1_UART_Init)
    i.MX_WWDG_Init                           0x08002c00   Section        0  main.o(i.MX_WWDG_Init)
    MX_WWDG_Init                             0x08002c01   Thumb Code    38  main.o(i.MX_WWDG_Init)
    i.NMI_Handler                            0x08002c30   Section        0  stm32l0xx_it.o(i.NMI_Handler)
    i.PendSV_Handler                         0x08002c32   Section        0  stm32l0xx_it.o(i.PendSV_Handler)
    i.SVC_Handler                            0x08002c34   Section        0  stm32l0xx_it.o(i.SVC_Handler)
    i.SysTick_Handler                        0x08002c36   Section        0  stm32l0xx_it.o(i.SysTick_Handler)
    i.SystemClock_Config                     0x08002c40   Section        0  main.o(i.SystemClock_Config)
    i.SystemInit                             0x08002cd4   Section        0  system_stm32l0xx.o(i.SystemInit)
    i.UART_AdvFeatureConfig                  0x08002d3c   Section        0  stm32l0xx_hal_uart.o(i.UART_AdvFeatureConfig)
    i.UART_CheckIdleState                    0x08002e2c   Section        0  stm32l0xx_hal_uart.o(i.UART_CheckIdleState)
    i.UART_Command_Handler                   0x08002e9c   Section        0  main.o(i.UART_Command_Handler)
    UART_Command_Handler                     0x08002e9d   Thumb Code    78  main.o(i.UART_Command_Handler)
    i.UART_DMAAbortOnError                   0x08002efc   Section        0  stm32l0xx_hal_uart.o(i.UART_DMAAbortOnError)
    UART_DMAAbortOnError                     0x08002efd   Thumb Code    24  stm32l0xx_hal_uart.o(i.UART_DMAAbortOnError)
    i.UART_EndRxTransfer                     0x08002f14   Section        0  stm32l0xx_hal_uart.o(i.UART_EndRxTransfer)
    UART_EndRxTransfer                       0x08002f15   Thumb Code    36  stm32l0xx_hal_uart.o(i.UART_EndRxTransfer)
    i.UART_EndTransmit_IT                    0x08002f38   Section        0  stm32l0xx_hal_uart.o(i.UART_EndTransmit_IT)
    UART_EndTransmit_IT                      0x08002f39   Thumb Code    32  stm32l0xx_hal_uart.o(i.UART_EndTransmit_IT)
    i.UART_SetConfig                         0x08002f58   Section        0  stm32l0xx_hal_uart.o(i.UART_SetConfig)
    i.UART_WaitOnFlagUntilTimeout            0x080032ec   Section        0  stm32l0xx_hal_uart.o(i.UART_WaitOnFlagUntilTimeout)
    i.__ARM_common_ll_muluu                  0x08003358   Section        0  stm32l0xx_hal_uart.o(i.__ARM_common_ll_muluu)
    i.__NVIC_SetPriority                     0x08003388   Section        0  stm32l0xx_hal_cortex.o(i.__NVIC_SetPriority)
    __NVIC_SetPriority                       0x08003389   Thumb Code   110  stm32l0xx_hal_cortex.o(i.__NVIC_SetPriority)
    i.main                                   0x08003400   Section        0  main.o(i.main)
    i.power_state_handler                    0x080034d0   Section        0  main.o(i.power_state_handler)
    power_state_handler                      0x080034d1   Thumb Code    94  main.o(i.power_state_handler)
    .constdata                               0x08003540   Section       20  main.o(.constdata)
    .constdata                               0x08003554   Section       33  system_stm32l0xx.o(.constdata)
    .data                                    0x20000000   Section       36  main.o(.data)
    .data                                    0x20000024   Section        4  stm32l0xx_hal.o(.data)
    .data                                    0x20000028   Section        4  system_stm32l0xx.o(.data)
    .bss                                     0x2000002c   Section      276  main.o(.bss)
    .bss                                     0x20000140   Section       96  libspace.o(.bss)
    HEAP                                     0x200001a0   Section      512  startup_stm32l011xx.o(HEAP)
    Heap_Mem                                 0x200001a0   Data         512  startup_stm32l011xx.o(HEAP)
    STACK                                    0x200003a0   Section     1024  startup_stm32l011xx.o(STACK)
    Stack_Mem                                0x200003a0   Data        1024  startup_stm32l011xx.o(STACK)
    __initial_sp                             0x200007a0   Data           0  startup_stm32l011xx.o(STACK)

    Global Symbols

    Symbol Name                              Value     Ov Type        Size  Object(Section)

    BuildAttributes$$THM_ISAv3M$S$PE$A:L22$X:L11$S22$IEEE1$IW$USESV6$~STKCKD$USESV7$~SHL$OSPACE$ROPI$EBA8$UX$STANDARDLIB$REQ8$PRES8$EABIv2 0x00000000   Number         0  anon$$obj.o ABSOLUTE
    __ARM_use_no_argv                        0x00000000   Number         0  main.o ABSOLUTE
    __ARM_exceptions_init                     - Undefined Weak Reference
    __alloca_initialize                       - Undefined Weak Reference
    __arm_preinit_                            - Undefined Weak Reference
    __cpp_initialize__aeabi_                  - Undefined Weak Reference
    __cxa_finalize                            - Undefined Weak Reference
    __rt_locale                               - Undefined Weak Reference
    __sigvec_lookup                           - Undefined Weak Reference
    _atexit_init                              - Undefined Weak Reference
    _call_atexit_fns                          - Undefined Weak Reference
    _clock_init                               - Undefined Weak Reference
    _fp_trap_init                             - Undefined Weak Reference
    _fp_trap_shutdown                         - Undefined Weak Reference
    _get_lc_collate                           - Undefined Weak Reference
    _get_lc_ctype                             - Undefined Weak Reference
    _get_lc_monetary                          - Undefined Weak Reference
    _get_lc_numeric                           - Undefined Weak Reference
    _get_lc_time                              - Undefined Weak Reference
    _getenv_init                              - Undefined Weak Reference
    _handle_redirection                       - Undefined Weak Reference
    _init_alloc                               - Undefined Weak Reference
    _init_user_alloc                          - Undefined Weak Reference
    _initio                                   - Undefined Weak Reference
    _rand_init                                - Undefined Weak Reference
    _signal_finish                            - Undefined Weak Reference
    _signal_init                              - Undefined Weak Reference
    _terminate_alloc                          - Undefined Weak Reference
    _terminate_user_alloc                     - Undefined Weak Reference
    _terminateio                              - Undefined Weak Reference
    __Vectors_Size                           0x000000c0   Number         0  startup_stm32l011xx.o ABSOLUTE
    __Vectors                                0x08000000   Data           4  startup_stm32l011xx.o(RESET)
    __Vectors_End                            0x080000c0   Data           0  startup_stm32l011xx.o(RESET)
    __main                                   0x080000c1   Thumb Code     8  __main.o(!!!main)
    __scatterload                            0x080000c9   Thumb Code     0  __scatter.o(!!!scatter)
    __scatterload_rt2                        0x080000c9   Thumb Code    52  __scatter.o(!!!scatter)
    __scatterload_rt2_thumb_only             0x080000c9   Thumb Code     0  __scatter.o(!!!scatter)
    __scatterload_null                       0x080000d9   Thumb Code     0  __scatter.o(!!!scatter)
    __scatterload_copy                       0x08000105   Thumb Code    26  __scatter_copy.o(!!handler_copy)
    __scatterload_zeroinit                   0x08000121   Thumb Code    28  __scatter_zi.o(!!handler_zi)
    __rt_lib_init                            0x0800013d   Thumb Code     0  libinit.o(.ARM.Collect$$libinit$$00000000)
    __rt_lib_init_alloca_1                   0x0800013f   Thumb Code     0  libinit2.o(.ARM.Collect$$libinit$$0000002E)
    __rt_lib_init_argv_1                     0x0800013f   Thumb Code     0  libinit2.o(.ARM.Collect$$libinit$$0000002C)
    __rt_lib_init_atexit_1                   0x0800013f   Thumb Code     0  libinit2.o(.ARM.Collect$$libinit$$0000001B)
    __rt_lib_init_clock_1                    0x0800013f   Thumb Code     0  libinit2.o(.ARM.Collect$$libinit$$00000021)
    __rt_lib_init_cpp_1                      0x0800013f   Thumb Code     0  libinit2.o(.ARM.Collect$$libinit$$00000032)
    __rt_lib_init_exceptions_1               0x0800013f   Thumb Code     0  libinit2.o(.ARM.Collect$$libinit$$00000030)
    __rt_lib_init_fp_1                       0x0800013f   Thumb Code     0  libinit2.o(.ARM.Collect$$libinit$$00000002)
    __rt_lib_init_fp_trap_1                  0x0800013f   Thumb Code     0  libinit2.o(.ARM.Collect$$libinit$$0000001F)
    __rt_lib_init_getenv_1                   0x0800013f   Thumb Code     0  libinit2.o(.ARM.Collect$$libinit$$00000023)
    __rt_lib_init_heap_1                     0x0800013f   Thumb Code     0  libinit2.o(.ARM.Collect$$libinit$$0000000A)
    __rt_lib_init_lc_collate_1               0x0800013f   Thumb Code     0  libinit2.o(.ARM.Collect$$libinit$$00000011)
    __rt_lib_init_lc_ctype_1                 0x0800013f   Thumb Code     0  libinit2.o(.ARM.Collect$$libinit$$00000013)
    __rt_lib_init_lc_monetary_1              0x0800013f   Thumb Code     0  libinit2.o(.ARM.Collect$$libinit$$00000015)
    __rt_lib_init_lc_numeric_1               0x0800013f   Thumb Code     0  libinit2.o(.ARM.Collect$$libinit$$00000017)
    __rt_lib_init_lc_time_1                  0x0800013f   Thumb Code     0  libinit2.o(.ARM.Collect$$libinit$$00000019)
    __rt_lib_init_preinit_1                  0x0800013f   Thumb Code     0  libinit2.o(.ARM.Collect$$libinit$$00000004)
    __rt_lib_init_rand_1                     0x0800013f   Thumb Code     0  libinit2.o(.ARM.Collect$$libinit$$0000000E)
    __rt_lib_init_return                     0x0800013f   Thumb Code     0  libinit2.o(.ARM.Collect$$libinit$$00000033)
    __rt_lib_init_signal_1                   0x0800013f   Thumb Code     0  libinit2.o(.ARM.Collect$$libinit$$0000001D)
    __rt_lib_init_stdio_1                    0x0800013f   Thumb Code     0  libinit2.o(.ARM.Collect$$libinit$$00000025)
    __rt_lib_init_user_alloc_1               0x0800013f   Thumb Code     0  libinit2.o(.ARM.Collect$$libinit$$0000000C)
    __rt_lib_shutdown                        0x08000141   Thumb Code     0  libshutdown.o(.ARM.Collect$$libshutdown$$00000000)
    __rt_lib_shutdown_cpp_1                  0x08000143   Thumb Code     0  libshutdown2.o(.ARM.Collect$$libshutdown$$00000002)
    __rt_lib_shutdown_fp_trap_1              0x08000143   Thumb Code     0  libshutdown2.o(.ARM.Collect$$libshutdown$$00000007)
    __rt_lib_shutdown_heap_1                 0x08000143   Thumb Code     0  libshutdown2.o(.ARM.Collect$$libshutdown$$0000000F)
    __rt_lib_shutdown_return                 0x08000143   Thumb Code     0  libshutdown2.o(.ARM.Collect$$libshutdown$$00000010)
    __rt_lib_shutdown_signal_1               0x08000143   Thumb Code     0  libshutdown2.o(.ARM.Collect$$libshutdown$$0000000A)
    __rt_lib_shutdown_stdio_1                0x08000143   Thumb Code     0  libshutdown2.o(.ARM.Collect$$libshutdown$$00000004)
    __rt_lib_shutdown_user_alloc_1           0x08000143   Thumb Code     0  libshutdown2.o(.ARM.Collect$$libshutdown$$0000000C)
    __rt_entry                               0x08000145   Thumb Code     0  __rtentry.o(.ARM.Collect$$rtentry$$00000000)
    __rt_entry_presh_1                       0x08000145   Thumb Code     0  __rtentry2.o(.ARM.Collect$$rtentry$$00000002)
    __rt_entry_sh                            0x08000145   Thumb Code     0  __rtentry4.o(.ARM.Collect$$rtentry$$00000004)
    __rt_entry_li                            0x0800014b   Thumb Code     0  __rtentry2.o(.ARM.Collect$$rtentry$$0000000A)
    __rt_entry_postsh_1                      0x0800014b   Thumb Code     0  __rtentry2.o(.ARM.Collect$$rtentry$$00000009)
    __rt_entry_main                          0x0800014f   Thumb Code     0  __rtentry2.o(.ARM.Collect$$rtentry$$0000000D)
    __rt_entry_postli_1                      0x0800014f   Thumb Code     0  __rtentry2.o(.ARM.Collect$$rtentry$$0000000C)
    __rt_exit                                0x08000157   Thumb Code     0  rtexit.o(.ARM.Collect$$rtexit$$00000000)
    __rt_exit_ls                             0x08000159   Thumb Code     0  rtexit2.o(.ARM.Collect$$rtexit$$00000003)
    __rt_exit_prels_1                        0x08000159   Thumb Code     0  rtexit2.o(.ARM.Collect$$rtexit$$00000002)
    __rt_exit_exit                           0x0800015d   Thumb Code     0  rtexit2.o(.ARM.Collect$$rtexit$$00000004)
    Reset_Handler                            0x08000165   Thumb Code    38  startup_stm32l011xx.o(.text)
    ADC1_COMP_IRQHandler                     0x08000195   Thumb Code     0  startup_stm32l011xx.o(.text)
    DMA1_Channel1_IRQHandler                 0x08000195   Thumb Code     0  startup_stm32l011xx.o(.text)
    DMA1_Channel2_3_IRQHandler               0x08000195   Thumb Code     0  startup_stm32l011xx.o(.text)
    DMA1_Channel4_5_IRQHandler               0x08000195   Thumb Code     0  startup_stm32l011xx.o(.text)
    EXTI0_1_IRQHandler                       0x08000195   Thumb Code     0  startup_stm32l011xx.o(.text)
    EXTI2_3_IRQHandler                       0x08000195   Thumb Code     0  startup_stm32l011xx.o(.text)
    FLASH_IRQHandler                         0x08000195   Thumb Code     0  startup_stm32l011xx.o(.text)
    LPTIM1_IRQHandler                        0x08000195   Thumb Code     0  startup_stm32l011xx.o(.text)
    PVD_IRQHandler                           0x08000195   Thumb Code     0  startup_stm32l011xx.o(.text)
    RCC_IRQHandler                           0x08000195   Thumb Code     0  startup_stm32l011xx.o(.text)
    RTC_IRQHandler                           0x08000195   Thumb Code     0  startup_stm32l011xx.o(.text)
    SPI1_IRQHandler                          0x08000195   Thumb Code     0  startup_stm32l011xx.o(.text)
    TIM21_IRQHandler                         0x08000195   Thumb Code     0  startup_stm32l011xx.o(.text)
    TIM2_IRQHandler                          0x08000195   Thumb Code     0  startup_stm32l011xx.o(.text)
    USART2_IRQHandler                        0x08000195   Thumb Code     0  startup_stm32l011xx.o(.text)
    WWDG_IRQHandler                          0x08000195   Thumb Code     0  startup_stm32l011xx.o(.text)
    __user_initial_stackheap                 0x08000199   Thumb Code     0  startup_stm32l011xx.o(.text)
    __aeabi_uldivmod                         0x080001d9   Thumb Code   258  lludiv.o(.text)
    _ll_udiv                                 0x080001d9   Thumb Code     0  lludiv.o(.text)
    _memset_w                                0x080002db   Thumb Code    26  rt_memclr.o(.text)
    _memset                                  0x080002f5   Thumb Code    30  rt_memclr.o(.text)
    __aeabi_memclr                           0x08000313   Thumb Code     4  rt_memclr.o(.text)
    __rt_memclr                              0x08000313   Thumb Code     0  rt_memclr.o(.text)
    __aeabi_memclr4                          0x08000317   Thumb Code     0  rt_memclr.o(.text)
    __aeabi_memclr8                          0x08000317   Thumb Code     0  rt_memclr.o(.text)
    __rt_memclr_w                            0x08000317   Thumb Code     4  rt_memclr.o(.text)
    __aeabi_uidiv                            0x0800031b   Thumb Code     0  aeabi_sdiv.o(.text)
    __aeabi_uidivmod                         0x0800031b   Thumb Code    20  aeabi_sdiv.o(.text)
    __aeabi_idiv                             0x0800032f   Thumb Code     0  aeabi_sdiv.o(.text)
    __aeabi_idivmod                          0x0800032f   Thumb Code   326  aeabi_sdiv.o(.text)
    __use_two_region_memory                  0x08000475   Thumb Code     2  heapauxi.o(.text)
    __rt_heap_escrow$2region                 0x08000477   Thumb Code     2  heapauxi.o(.text)
    __rt_heap_expand$2region                 0x08000479   Thumb Code     2  heapauxi.o(.text)
    __user_setup_stackheap                   0x0800047b   Thumb Code    62  sys_stackheap_outer.o(.text)
    exit                                     0x080004b9   Thumb Code    16  exit.o(.text)
    __user_libspace                          0x080004c9   Thumb Code     8  libspace.o(.text)
    __user_perproc_libspace                  0x080004c9   Thumb Code     0  libspace.o(.text)
    __user_perthread_libspace                0x080004c9   Thumb Code     0  libspace.o(.text)
    _sys_exit                                0x080004d1   Thumb Code     8  sys_exit.o(.text)
    __I$use$semihosting                      0x080004dd   Thumb Code     0  use_no_semi.o(.text)
    __use_no_semihosting_swi                 0x080004dd   Thumb Code     2  use_no_semi.o(.text)
    Bass_Adjust                              0x080004df   Thumb Code    50  main.o(i.Bass_Adjust)
    __semihosting_library_function           0x080004df   Thumb Code     0  indicate_semi.o(.text)
    Button_Duration                          0x080005cd   Thumb Code    78  main.o(i.Button_Duration)
    Button_State                             0x08000625   Thumb Code    32  main.o(i.Button_State)
    EXTI4_15_IRQHandler                      0x08000645   Thumb Code    12  stm32l0xx_it.o(i.EXTI4_15_IRQHandler)
    Error_Handler                            0x08000651   Thumb Code     2  main.o(i.Error_Handler)
    HAL_CRCEx_Polynomial_Set                 0x08000653   Thumb Code   106  stm32l0xx_hal_crc_ex.o(i.HAL_CRCEx_Polynomial_Set)
    HAL_CRC_Init                             0x080006bd   Thumb Code   134  stm32l0xx_hal_crc.o(i.HAL_CRC_Init)
    HAL_CRC_MspInit                          0x08000749   Thumb Code    40  stm32l0xx_hal_msp.o(i.HAL_CRC_MspInit)
    HAL_DMA_Abort_IT                         0x08000779   Thumb Code    92  stm32l0xx_hal_dma.o(i.HAL_DMA_Abort_IT)
    HAL_GPIO_EXTI_Callback                   0x080007d5   Thumb Code     2  stm32l0xx_hal_gpio.o(i.HAL_GPIO_EXTI_Callback)
    HAL_GPIO_EXTI_IRQHandler                 0x080007d9   Thumb Code    26  stm32l0xx_hal_gpio.o(i.HAL_GPIO_EXTI_IRQHandler)
    HAL_GPIO_Init                            0x080007f9   Thumb Code   442  stm32l0xx_hal_gpio.o(i.HAL_GPIO_Init)
    HAL_GPIO_ReadPin                         0x080009c9   Thumb Code    18  stm32l0xx_hal_gpio.o(i.HAL_GPIO_ReadPin)
    HAL_GPIO_WritePin                        0x080009db   Thumb Code    12  stm32l0xx_hal_gpio.o(i.HAL_GPIO_WritePin)
    HAL_GetTick                              0x080009e9   Thumb Code     6  stm32l0xx_hal.o(i.HAL_GetTick)
    HAL_I2CEx_ConfigAnalogFilter             0x080009f5   Thumb Code   110  stm32l0xx_hal_i2c_ex.o(i.HAL_I2CEx_ConfigAnalogFilter)
    HAL_I2CEx_ConfigDigitalFilter            0x08000a63   Thumb Code   112  stm32l0xx_hal_i2c_ex.o(i.HAL_I2CEx_ConfigDigitalFilter)
    HAL_I2CEx_EnableFastModePlus             0x08000ad5   Thumb Code    24  stm32l0xx_hal_i2c_ex.o(i.HAL_I2CEx_EnableFastModePlus)
    HAL_I2C_AbortCpltCallback                0x08000af5   Thumb Code     2  stm32l0xx_hal_i2c.o(i.HAL_I2C_AbortCpltCallback)
    HAL_I2C_AddrCallback                     0x08000af7   Thumb Code     2  stm32l0xx_hal_i2c.o(i.HAL_I2C_AddrCallback)
    HAL_I2C_ER_IRQHandler                    0x08000af9   Thumb Code   140  stm32l0xx_hal_i2c.o(i.HAL_I2C_ER_IRQHandler)
    HAL_I2C_EV_IRQHandler                    0x08000b85   Thumb Code    30  stm32l0xx_hal_i2c.o(i.HAL_I2C_EV_IRQHandler)
    HAL_I2C_ErrorCallback                    0x08000ba3   Thumb Code     2  stm32l0xx_hal_i2c.o(i.HAL_I2C_ErrorCallback)
    HAL_I2C_Init                             0x08000ba5   Thumb Code   208  stm32l0xx_hal_i2c.o(i.HAL_I2C_Init)
    HAL_I2C_ListenCpltCallback               0x08000c79   Thumb Code     2  stm32l0xx_hal_i2c.o(i.HAL_I2C_ListenCpltCallback)
    HAL_I2C_Master_Transmit                  0x08000c7d   Thumb Code   354  stm32l0xx_hal_i2c.o(i.HAL_I2C_Master_Transmit)
    HAL_I2C_MspInit                          0x08000de9   Thumb Code   116  stm32l0xx_hal_msp.o(i.HAL_I2C_MspInit)
    HAL_I2C_SlaveRxCpltCallback              0x08000e65   Thumb Code     2  stm32l0xx_hal_i2c.o(i.HAL_I2C_SlaveRxCpltCallback)
    HAL_I2C_SlaveTxCpltCallback              0x08000e67   Thumb Code     2  stm32l0xx_hal_i2c.o(i.HAL_I2C_SlaveTxCpltCallback)
    HAL_IWDG_Init                            0x08000e69   Thumb Code    94  stm32l0xx_hal_iwdg.o(i.HAL_IWDG_Init)
    HAL_IncTick                              0x08000ed5   Thumb Code    12  stm32l0xx_hal.o(i.HAL_IncTick)
    HAL_Init                                 0x08000ee5   Thumb Code    38  stm32l0xx_hal.o(i.HAL_Init)
    HAL_InitTick                             0x08000f11   Thumb Code    46  stm32l0xx_hal.o(i.HAL_InitTick)
    HAL_MspInit                              0x08000f45   Thumb Code    26  stm32l0xx_hal_msp.o(i.HAL_MspInit)
    HAL_NVIC_EnableIRQ                       0x08000f65   Thumb Code    22  stm32l0xx_hal_cortex.o(i.HAL_NVIC_EnableIRQ)
    HAL_NVIC_SetPriority                     0x08000f81   Thumb Code    18  stm32l0xx_hal_cortex.o(i.HAL_NVIC_SetPriority)
    HAL_PWREx_DisableLowPowerRunMode         0x08000f95   Thumb Code    84  stm32l0xx_hal_pwr_ex.o(i.HAL_PWREx_DisableLowPowerRunMode)
    HAL_PWREx_EnableLowPowerRunMode          0x08000ff5   Thumb Code    26  stm32l0xx_hal_pwr_ex.o(i.HAL_PWREx_EnableLowPowerRunMode)
    HAL_PWR_EnableWakeUpPin                  0x08001015   Thumb Code    12  stm32l0xx_hal_pwr.o(i.HAL_PWR_EnableWakeUpPin)
    HAL_PWR_EnterSTANDBYMode                 0x08001025   Thumb Code    32  stm32l0xx_hal_pwr.o(i.HAL_PWR_EnterSTANDBYMode)
    HAL_RCCEx_PeriphCLKConfig                0x0800104d   Thumb Code   510  stm32l0xx_hal_rcc_ex.o(i.HAL_RCCEx_PeriphCLKConfig)
    HAL_RCC_ClockConfig                      0x08001259   Thumb Code   498  stm32l0xx_hal_rcc.o(i.HAL_RCC_ClockConfig)
    HAL_RCC_GetHCLKFreq                      0x08001461   Thumb Code     6  stm32l0xx_hal_rcc.o(i.HAL_RCC_GetHCLKFreq)
    HAL_RCC_GetPCLK1Freq                     0x0800146d   Thumb Code    26  stm32l0xx_hal_rcc.o(i.HAL_RCC_GetPCLK1Freq)
    HAL_RCC_GetPCLK2Freq                     0x08001491   Thumb Code    26  stm32l0xx_hal_rcc.o(i.HAL_RCC_GetPCLK2Freq)
    HAL_RCC_GetSysClockFreq                  0x080014b5   Thumb Code   186  stm32l0xx_hal_rcc.o(i.HAL_RCC_GetSysClockFreq)
    HAL_RCC_OscConfig                        0x08001585   Thumb Code  1580  stm32l0xx_hal_rcc.o(i.HAL_RCC_OscConfig)
    HAL_SYSTICK_Config                       0x08001bbd   Thumb Code    46  stm32l0xx_hal_cortex.o(i.HAL_SYSTICK_Config)
    HAL_UARTEx_WakeupCallback                0x08001bf5   Thumb Code     2  stm32l0xx_hal_uart_ex.o(i.HAL_UARTEx_WakeupCallback)
    HAL_UART_ErrorCallback                   0x08001bf7   Thumb Code     2  stm32l0xx_hal_uart.o(i.HAL_UART_ErrorCallback)
    HAL_UART_IRQHandler                      0x08001bf9   Thumb Code   456  stm32l0xx_hal_uart.o(i.HAL_UART_IRQHandler)
    HAL_UART_Init                            0x08001dc5   Thumb Code   126  stm32l0xx_hal_uart.o(i.HAL_UART_Init)
    HAL_UART_MspInit                         0x08001e45   Thumb Code   114  stm32l0xx_hal_msp.o(i.HAL_UART_MspInit)
    HAL_UART_Receive                         0x08001ec1   Thumb Code   346  stm32l0xx_hal_uart.o(i.HAL_UART_Receive)
    HAL_UART_Transmit                        0x08002021   Thumb Code   256  stm32l0xx_hal_uart.o(i.HAL_UART_Transmit)
    HAL_UART_TxCpltCallback                  0x08002121   Thumb Code     2  stm32l0xx_hal_uart.o(i.HAL_UART_TxCpltCallback)
    HAL_WWDG_Init                            0x08002123   Thumb Code    46  stm32l0xx_hal_wwdg.o(i.HAL_WWDG_Init)
    HAL_WWDG_MspInit                         0x08002151   Thumb Code    22  stm32l0xx_hal_msp.o(i.HAL_WWDG_MspInit)
    HardFault_Handler                        0x08002171   Thumb Code     4  stm32l0xx_it.o(i.HardFault_Handler)
    I2C1_IRQHandler                          0x08002175   Thumb Code    34  stm32l0xx_it.o(i.I2C1_IRQHandler)
    LPUART1_IRQHandler                       0x080029f9   Thumb Code    10  stm32l0xx_it.o(i.LPUART1_IRQHandler)
    NMI_Handler                              0x08002c31   Thumb Code     2  stm32l0xx_it.o(i.NMI_Handler)
    PendSV_Handler                           0x08002c33   Thumb Code     2  stm32l0xx_it.o(i.PendSV_Handler)
    SVC_Handler                              0x08002c35   Thumb Code     2  stm32l0xx_it.o(i.SVC_Handler)
    SysTick_Handler                          0x08002c37   Thumb Code     8  stm32l0xx_it.o(i.SysTick_Handler)
    SystemClock_Config                       0x08002c41   Thumb Code   142  main.o(i.SystemClock_Config)
    SystemInit                               0x08002cd5   Thumb Code    88  system_stm32l0xx.o(i.SystemInit)
    UART_AdvFeatureConfig                    0x08002d3d   Thumb Code   240  stm32l0xx_hal_uart.o(i.UART_AdvFeatureConfig)
    UART_CheckIdleState                      0x08002e2d   Thumb Code   106  stm32l0xx_hal_uart.o(i.UART_CheckIdleState)
    UART_SetConfig                           0x08002f59   Thumb Code   874  stm32l0xx_hal_uart.o(i.UART_SetConfig)
    UART_WaitOnFlagUntilTimeout              0x080032ed   Thumb Code   108  stm32l0xx_hal_uart.o(i.UART_WaitOnFlagUntilTimeout)
    __ARM_common_ll_muluu                    0x08003359   Thumb Code    48  stm32l0xx_hal_uart.o(i.__ARM_common_ll_muluu)
    main                                     0x08003401   Thumb Code   204  main.o(i.main)
    volume_levels                            0x08003540   Data          15  main.o(.constdata)
    rheostat_address                         0x08003550   Data           2  main.o(.constdata)
    charger_address                          0x08003552   Data           2  main.o(.constdata)
    AHBPrescTable                            0x08003554   Data          16  system_stm32l0xx.o(.constdata)
    APBPrescTable                            0x08003564   Data           8  system_stm32l0xx.o(.constdata)
    PLLMulTable                              0x0800356c   Data           9  system_stm32l0xx.o(.constdata)
    Region$$Table$$Base                      0x08003578   Number         0  anon$$obj.o(Region$$Table)
    Region$$Table$$Limit                     0x08003598   Number         0  anon$$obj.o(Region$$Table)
    UART_Tx_data                             0x20000000   Data           2  main.o(.data)
    UART_Rx_data                             0x20000002   Data           8  main.o(.data)
    rheostat_data                            0x2000000a   Data           8  main.o(.data)
    current_volume                           0x20000012   Data           1  main.o(.data)
    time0                                    0x20000014   Data           4  main.o(.data)
    time1                                    0x20000018   Data           4  main.o(.data)
    time2                                    0x2000001c   Data           4  main.o(.data)
    poll_counter                             0x20000020   Data           4  main.o(.data)
    uwTick                                   0x20000024   Data           4  stm32l0xx_hal.o(.data)
    SystemCoreClock                          0x20000028   Data           4  system_stm32l0xx.o(.data)
    hcrc                                     0x2000002c   Data          36  main.o(.bss)
    hi2c1                                    0x20000050   Data          76  main.o(.bss)
    hiwdg                                    0x2000009c   Data          16  main.o(.bss)
    hlpuart1                                 0x200000ac   Data         128  main.o(.bss)
    hwwdg                                    0x2000012c   Data          20  main.o(.bss)
    __libspace_start                         0x20000140   Data          96  libspace.o(.bss)
    __temporary_stack_top$libspace           0x200001a0   Data           0  libspace.o(.bss)



==============================================================================

Memory Map of the image

  Image Entry point : 0x08000165

  Load Region LR_1 (Base: 0x08000000, Size: 0x000035c4, Max: 0xffffffff, ABSOLUTE)

    Execution Region ER_RO (Exec base: 0x08000000, Load base: 0x08000000, Size: 0x00003598, Max: 0xffffffff, ABSOLUTE)

    Exec Addr    Load Addr    Size         Type   Attr      Idx    E Section Name        Object

    0x08000000   0x08000000   0x000000c0   Data   RO         3097    RESET               startup_stm32l011xx.o
    0x080000c0   0x080000c0   0x00000008   Code   RO         3213  * !!!main             c_p.l(__main.o)
    0x080000c8   0x080000c8   0x0000003c   Code   RO         3386    !!!scatter          c_p.l(__scatter.o)
    0x08000104   0x08000104   0x0000001a   Code   RO         3388    !!handler_copy      c_p.l(__scatter_copy.o)
    0x0800011e   0x0800011e   0x00000002   PAD
    0x08000120   0x08000120   0x0000001c   Code   RO         3390    !!handler_zi        c_p.l(__scatter_zi.o)
    0x0800013c   0x0800013c   0x00000002   Code   RO         3255    .ARM.Collect$$libinit$$00000000  c_p.l(libinit.o)
    0x0800013e   0x0800013e   0x00000000   Code   RO         3269    .ARM.Collect$$libinit$$00000002  c_p.l(libinit2.o)
    0x0800013e   0x0800013e   0x00000000   Code   RO         3271    .ARM.Collect$$libinit$$00000004  c_p.l(libinit2.o)
    0x0800013e   0x0800013e   0x00000000   Code   RO         3274    .ARM.Collect$$libinit$$0000000A  c_p.l(libinit2.o)
    0x0800013e   0x0800013e   0x00000000   Code   RO         3276    .ARM.Collect$$libinit$$0000000C  c_p.l(libinit2.o)
    0x0800013e   0x0800013e   0x00000000   Code   RO         3278    .ARM.Collect$$libinit$$0000000E  c_p.l(libinit2.o)
    0x0800013e   0x0800013e   0x00000000   Code   RO         3281    .ARM.Collect$$libinit$$00000011  c_p.l(libinit2.o)
    0x0800013e   0x0800013e   0x00000000   Code   RO         3283    .ARM.Collect$$libinit$$00000013  c_p.l(libinit2.o)
    0x0800013e   0x0800013e   0x00000000   Code   RO         3285    .ARM.Collect$$libinit$$00000015  c_p.l(libinit2.o)
    0x0800013e   0x0800013e   0x00000000   Code   RO         3287    .ARM.Collect$$libinit$$00000017  c_p.l(libinit2.o)
    0x0800013e   0x0800013e   0x00000000   Code   RO         3289    .ARM.Collect$$libinit$$00000019  c_p.l(libinit2.o)
    0x0800013e   0x0800013e   0x00000000   Code   RO         3291    .ARM.Collect$$libinit$$0000001B  c_p.l(libinit2.o)
    0x0800013e   0x0800013e   0x00000000   Code   RO         3293    .ARM.Collect$$libinit$$0000001D  c_p.l(libinit2.o)
    0x0800013e   0x0800013e   0x00000000   Code   RO         3295    .ARM.Collect$$libinit$$0000001F  c_p.l(libinit2.o)
    0x0800013e   0x0800013e   0x00000000   Code   RO         3297    .ARM.Collect$$libinit$$00000021  c_p.l(libinit2.o)
    0x0800013e   0x0800013e   0x00000000   Code   RO         3299    .ARM.Collect$$libinit$$00000023  c_p.l(libinit2.o)
    0x0800013e   0x0800013e   0x00000000   Code   RO         3301    .ARM.Collect$$libinit$$00000025  c_p.l(libinit2.o)
    0x0800013e   0x0800013e   0x00000000   Code   RO         3305    .ARM.Collect$$libinit$$0000002C  c_p.l(libinit2.o)
    0x0800013e   0x0800013e   0x00000000   Code   RO         3307    .ARM.Collect$$libinit$$0000002E  c_p.l(libinit2.o)
    0x0800013e   0x0800013e   0x00000000   Code   RO         3309    .ARM.Collect$$libinit$$00000030  c_p.l(libinit2.o)
    0x0800013e   0x0800013e   0x00000000   Code   RO         3311    .ARM.Collect$$libinit$$00000032  c_p.l(libinit2.o)
    0x0800013e   0x0800013e   0x00000002   Code   RO         3312    .ARM.Collect$$libinit$$00000033  c_p.l(libinit2.o)
    0x08000140   0x08000140   0x00000002   Code   RO         3343    .ARM.Collect$$libshutdown$$00000000  c_p.l(libshutdown.o)
    0x08000142   0x08000142   0x00000000   Code   RO         3369    .ARM.Collect$$libshutdown$$00000002  c_p.l(libshutdown2.o)
    0x08000142   0x08000142   0x00000000   Code   RO         3371    .ARM.Collect$$libshutdown$$00000004  c_p.l(libshutdown2.o)
    0x08000142   0x08000142   0x00000000   Code   RO         3374    .ARM.Collect$$libshutdown$$00000007  c_p.l(libshutdown2.o)
    0x08000142   0x08000142   0x00000000   Code   RO         3377    .ARM.Collect$$libshutdown$$0000000A  c_p.l(libshutdown2.o)
    0x08000142   0x08000142   0x00000000   Code   RO         3379    .ARM.Collect$$libshutdown$$0000000C  c_p.l(libshutdown2.o)
    0x08000142   0x08000142   0x00000000   Code   RO         3382    .ARM.Collect$$libshutdown$$0000000F  c_p.l(libshutdown2.o)
    0x08000142   0x08000142   0x00000002   Code   RO         3383    .ARM.Collect$$libshutdown$$00000010  c_p.l(libshutdown2.o)
    0x08000144   0x08000144   0x00000000   Code   RO         3215    .ARM.Collect$$rtentry$$00000000  c_p.l(__rtentry.o)
    0x08000144   0x08000144   0x00000000   Code   RO         3225    .ARM.Collect$$rtentry$$00000002  c_p.l(__rtentry2.o)
    0x08000144   0x08000144   0x00000006   Code   RO         3237    .ARM.Collect$$rtentry$$00000004  c_p.l(__rtentry4.o)
    0x0800014a   0x0800014a   0x00000000   Code   RO         3227    .ARM.Collect$$rtentry$$00000009  c_p.l(__rtentry2.o)
    0x0800014a   0x0800014a   0x00000004   Code   RO         3228    .ARM.Collect$$rtentry$$0000000A  c_p.l(__rtentry2.o)
    0x0800014e   0x0800014e   0x00000000   Code   RO         3230    .ARM.Collect$$rtentry$$0000000C  c_p.l(__rtentry2.o)
    0x0800014e   0x0800014e   0x00000008   Code   RO         3231    .ARM.Collect$$rtentry$$0000000D  c_p.l(__rtentry2.o)
    0x08000156   0x08000156   0x00000002   Code   RO         3260    .ARM.Collect$$rtexit$$00000000  c_p.l(rtexit.o)
    0x08000158   0x08000158   0x00000000   Code   RO         3316    .ARM.Collect$$rtexit$$00000002  c_p.l(rtexit2.o)
    0x08000158   0x08000158   0x00000004   Code   RO         3317    .ARM.Collect$$rtexit$$00000003  c_p.l(rtexit2.o)
    0x0800015c   0x0800015c   0x00000006   Code   RO         3318    .ARM.Collect$$rtexit$$00000004  c_p.l(rtexit2.o)
    0x08000162   0x08000162   0x00000002   PAD
    0x08000164   0x08000164   0x00000074   Code   RO         3098  * .text               startup_stm32l011xx.o
    0x080001d8   0x080001d8   0x00000102   Code   RO         3203    .text               c_p.l(lludiv.o)
    0x080002da   0x080002da   0x00000040   Code   RO         3205    .text               c_p.l(rt_memclr.o)
    0x0800031a   0x0800031a   0x0000015a   Code   RO         3207    .text               c_p.l(aeabi_sdiv.o)
    0x08000474   0x08000474   0x00000006   Code   RO         3211    .text               c_p.l(heapauxi.o)
    0x0800047a   0x0800047a   0x0000003e   Code   RO         3241    .text               c_p.l(sys_stackheap_outer.o)
    0x080004b8   0x080004b8   0x00000010   Code   RO         3244    .text               c_p.l(exit.o)
    0x080004c8   0x080004c8   0x00000008   Code   RO         3256    .text               c_p.l(libspace.o)
    0x080004d0   0x080004d0   0x0000000c   Code   RO         3313    .text               c_p.l(sys_exit.o)
    0x080004dc   0x080004dc   0x00000002   Code   RO         3332    .text               c_p.l(use_no_semi.o)
    0x080004de   0x080004de   0x00000000   Code   RO         3334    .text               c_p.l(indicate_semi.o)
    0x080004de   0x080004de   0x00000032   Code   RO            3    i.Bass_Adjust       main.o
    0x08000510   0x08000510   0x000000bc   Code   RO            4    i.Bass_Volume       main.o
    0x080005cc   0x080005cc   0x00000058   Code   RO            5    i.Button_Duration   main.o
    0x08000624   0x08000624   0x00000020   Code   RO            6    i.Button_State      main.o
    0x08000644   0x08000644   0x0000000c   Code   RO          208    i.EXTI4_15_IRQHandler  stm32l0xx_it.o
    0x08000650   0x08000650   0x00000002   Code   RO            7    i.Error_Handler     main.o
    0x08000652   0x08000652   0x0000006a   Code   RO          712    i.HAL_CRCEx_Polynomial_Set  stm32l0xx_hal_crc_ex.o
    0x080006bc   0x080006bc   0x0000008c   Code   RO          646    i.HAL_CRC_Init      stm32l0xx_hal_crc.o
    0x08000748   0x08000748   0x00000030   Code   RO         3105    i.HAL_CRC_MspInit   stm32l0xx_hal_msp.o
    0x08000778   0x08000778   0x0000005c   Code   RO          768    i.HAL_DMA_Abort_IT  stm32l0xx_hal_dma.o
    0x080007d4   0x080007d4   0x00000002   Code   RO         1179    i.HAL_GPIO_EXTI_Callback  stm32l0xx_hal_gpio.o
    0x080007d6   0x080007d6   0x00000002   PAD
    0x080007d8   0x080007d8   0x00000020   Code   RO         1180    i.HAL_GPIO_EXTI_IRQHandler  stm32l0xx_hal_gpio.o
    0x080007f8   0x080007f8   0x000001d0   Code   RO         1181    i.HAL_GPIO_Init     stm32l0xx_hal_gpio.o
    0x080009c8   0x080009c8   0x00000012   Code   RO         1183    i.HAL_GPIO_ReadPin  stm32l0xx_hal_gpio.o
    0x080009da   0x080009da   0x0000000c   Code   RO         1185    i.HAL_GPIO_WritePin  stm32l0xx_hal_gpio.o
    0x080009e6   0x080009e6   0x00000002   PAD
    0x080009e8   0x080009e8   0x0000000c   Code   RO          291    i.HAL_GetTick       stm32l0xx_hal.o
    0x080009f4   0x080009f4   0x0000006e   Code   RO         1701    i.HAL_I2CEx_ConfigAnalogFilter  stm32l0xx_hal_i2c_ex.o
    0x08000a62   0x08000a62   0x00000070   Code   RO         1702    i.HAL_I2CEx_ConfigDigitalFilter  stm32l0xx_hal_i2c_ex.o
    0x08000ad2   0x08000ad2   0x00000002   PAD
    0x08000ad4   0x08000ad4   0x00000020   Code   RO         1705    i.HAL_I2CEx_EnableFastModePlus  stm32l0xx_hal_i2c_ex.o
    0x08000af4   0x08000af4   0x00000002   Code   RO         1244    i.HAL_I2C_AbortCpltCallback  stm32l0xx_hal_i2c.o
    0x08000af6   0x08000af6   0x00000002   Code   RO         1245    i.HAL_I2C_AddrCallback  stm32l0xx_hal_i2c.o
    0x08000af8   0x08000af8   0x0000008c   Code   RO         1248    i.HAL_I2C_ER_IRQHandler  stm32l0xx_hal_i2c.o
    0x08000b84   0x08000b84   0x0000001e   Code   RO         1249    i.HAL_I2C_EV_IRQHandler  stm32l0xx_hal_i2c.o
    0x08000ba2   0x08000ba2   0x00000002   Code   RO         1251    i.HAL_I2C_ErrorCallback  stm32l0xx_hal_i2c.o
    0x08000ba4   0x08000ba4   0x000000d4   Code   RO         1255    i.HAL_I2C_Init      stm32l0xx_hal_i2c.o
    0x08000c78   0x08000c78   0x00000002   Code   RO         1257    i.HAL_I2C_ListenCpltCallback  stm32l0xx_hal_i2c.o
    0x08000c7a   0x08000c7a   0x00000002   PAD
    0x08000c7c   0x08000c7c   0x0000016c   Code   RO         1268    i.HAL_I2C_Master_Transmit  stm32l0xx_hal_i2c.o
    0x08000de8   0x08000de8   0x0000007c   Code   RO         3107    i.HAL_I2C_MspInit   stm32l0xx_hal_msp.o
    0x08000e64   0x08000e64   0x00000002   Code   RO         1281    i.HAL_I2C_SlaveRxCpltCallback  stm32l0xx_hal_i2c.o
    0x08000e66   0x08000e66   0x00000002   Code   RO         1282    i.HAL_I2C_SlaveTxCpltCallback  stm32l0xx_hal_i2c.o
    0x08000e68   0x08000e68   0x0000006c   Code   RO         1791    i.HAL_IWDG_Init     stm32l0xx_hal_iwdg.o
    0x08000ed4   0x08000ed4   0x00000010   Code   RO          295    i.HAL_IncTick       stm32l0xx_hal.o
    0x08000ee4   0x08000ee4   0x0000002c   Code   RO          296    i.HAL_Init          stm32l0xx_hal.o
    0x08000f10   0x08000f10   0x00000034   Code   RO          297    i.HAL_InitTick      stm32l0xx_hal.o
    0x08000f44   0x08000f44   0x00000020   Code   RO         3108    i.HAL_MspInit       stm32l0xx_hal_msp.o
    0x08000f64   0x08000f64   0x0000001c   Code   RO          544    i.HAL_NVIC_EnableIRQ  stm32l0xx_hal_cortex.o
    0x08000f80   0x08000f80   0x00000012   Code   RO          548    i.HAL_NVIC_SetPriority  stm32l0xx_hal_cortex.o
    0x08000f92   0x08000f92   0x00000002   PAD
    0x08000f94   0x08000f94   0x00000060   Code   RO         2014    i.HAL_PWREx_DisableLowPowerRunMode  stm32l0xx_hal_pwr_ex.o
    0x08000ff4   0x08000ff4   0x00000020   Code   RO         2017    i.HAL_PWREx_EnableLowPowerRunMode  stm32l0xx_hal_pwr_ex.o
    0x08001014   0x08001014   0x00000010   Code   RO         1904    i.HAL_PWR_EnableWakeUpPin  stm32l0xx_hal_pwr.o
    0x08001024   0x08001024   0x00000028   Code   RO         1906    i.HAL_PWR_EnterSTANDBYMode  stm32l0xx_hal_pwr.o
    0x0800104c   0x0800104c   0x0000020c   Code   RO         2158    i.HAL_RCCEx_PeriphCLKConfig  stm32l0xx_hal_rcc_ex.o
    0x08001258   0x08001258   0x00000208   Code   RO         2073    i.HAL_RCC_ClockConfig  stm32l0xx_hal_rcc.o
    0x08001460   0x08001460   0x0000000c   Code   RO         2076    i.HAL_RCC_GetHCLKFreq  stm32l0xx_hal_rcc.o
    0x0800146c   0x0800146c   0x00000024   Code   RO         2078    i.HAL_RCC_GetPCLK1Freq  stm32l0xx_hal_rcc.o
    0x08001490   0x08001490   0x00000024   Code   RO         2079    i.HAL_RCC_GetPCLK2Freq  stm32l0xx_hal_rcc.o
    0x080014b4   0x080014b4   0x000000d0   Code   RO         2080    i.HAL_RCC_GetSysClockFreq  stm32l0xx_hal_rcc.o
    0x08001584   0x08001584   0x00000638   Code   RO         2082    i.HAL_RCC_OscConfig  stm32l0xx_hal_rcc.o
    0x08001bbc   0x08001bbc   0x00000038   Code   RO          552    i.HAL_SYSTICK_Config  stm32l0xx_hal_cortex.o
    0x08001bf4   0x08001bf4   0x00000002   Code   RO         2767    i.HAL_UARTEx_WakeupCallback  stm32l0xx_hal_uart_ex.o
    0x08001bf6   0x08001bf6   0x00000002   Code   RO         2419    i.HAL_UART_ErrorCallback  stm32l0xx_hal_uart.o
    0x08001bf8   0x08001bf8   0x000001cc   Code   RO         2422    i.HAL_UART_IRQHandler  stm32l0xx_hal_uart.o
    0x08001dc4   0x08001dc4   0x0000007e   Code   RO         2423    i.HAL_UART_Init     stm32l0xx_hal_uart.o
    0x08001e42   0x08001e42   0x00000002   PAD
    0x08001e44   0x08001e44   0x0000007c   Code   RO         3110    i.HAL_UART_MspInit  stm32l0xx_hal_msp.o
    0x08001ec0   0x08001ec0   0x00000160   Code   RO         2426    i.HAL_UART_Receive  stm32l0xx_hal_uart.o
    0x08002020   0x08002020   0x00000100   Code   RO         2431    i.HAL_UART_Transmit  stm32l0xx_hal_uart.o
    0x08002120   0x08002120   0x00000002   Code   RO         2434    i.HAL_UART_TxCpltCallback  stm32l0xx_hal_uart.o
    0x08002122   0x08002122   0x0000002e   Code   RO         2851    i.HAL_WWDG_Init     stm32l0xx_hal_wwdg.o
    0x08002150   0x08002150   0x00000020   Code   RO         3111    i.HAL_WWDG_MspInit  stm32l0xx_hal_msp.o
    0x08002170   0x08002170   0x00000004   Code   RO          209    i.HardFault_Handler  stm32l0xx_it.o
    0x08002174   0x08002174   0x00000028   Code   RO          210    i.I2C1_IRQHandler   stm32l0xx_it.o
    0x0800219c   0x0800219c   0x0000002e   Code   RO         1294    i.I2C_DMAAbort      stm32l0xx_hal_i2c.o
    0x080021ca   0x080021ca   0x0000007a   Code   RO         1300    i.I2C_Disable_IRQ   stm32l0xx_hal_i2c.o
    0x08002244   0x08002244   0x00000032   Code   RO         1302    i.I2C_Flush_TXDR    stm32l0xx_hal_i2c.o
    0x08002276   0x08002276   0x000000cc   Code   RO         1303    i.I2C_ITAddrCplt    stm32l0xx_hal_i2c.o
    0x08002342   0x08002342   0x00000002   PAD
    0x08002344   0x08002344   0x0000011c   Code   RO         1304    i.I2C_ITError       stm32l0xx_hal_i2c.o
    0x08002460   0x08002460   0x0000007c   Code   RO         1305    i.I2C_ITListenCplt  stm32l0xx_hal_i2c.o
    0x080024dc   0x080024dc   0x00000148   Code   RO         1308    i.I2C_ITSlaveCplt   stm32l0xx_hal_i2c.o
    0x08002624   0x08002624   0x00000062   Code   RO         1309    i.I2C_ITSlaveSeqCplt  stm32l0xx_hal_i2c.o
    0x08002686   0x08002686   0x00000002   PAD
    0x08002688   0x08002688   0x000000a0   Code   RO         1310    i.I2C_IsAcknowledgeFailed  stm32l0xx_hal_i2c.o
    0x08002728   0x08002728   0x00000184   Code   RO         1316    i.I2C_Slave_ISR_IT  stm32l0xx_hal_i2c.o
    0x080028ac   0x080028ac   0x00000038   Code   RO         1317    i.I2C_TransferConfig  stm32l0xx_hal_i2c.o
    0x080028e4   0x080028e4   0x00000058   Code   RO         1318    i.I2C_WaitOnFlagUntilTimeout  stm32l0xx_hal_i2c.o
    0x0800293c   0x0800293c   0x0000005a   Code   RO         1320    i.I2C_WaitOnSTOPFlagUntilTimeout  stm32l0xx_hal_i2c.o
    0x08002996   0x08002996   0x00000060   Code   RO         1321    i.I2C_WaitOnTXISFlagUntilTimeout  stm32l0xx_hal_i2c.o
    0x080029f6   0x080029f6   0x00000002   PAD
    0x080029f8   0x080029f8   0x00000010   Code   RO          211    i.LPUART1_IRQHandler  stm32l0xx_it.o
    0x08002a08   0x08002a08   0x00000034   Code   RO            8    i.MX_CRC_Init       main.o
    0x08002a3c   0x08002a3c   0x000000e8   Code   RO            9    i.MX_GPIO_Init      main.o
    0x08002b24   0x08002b24   0x00000064   Code   RO           10    i.MX_I2C1_Init      main.o
    0x08002b88   0x08002b88   0x00000030   Code   RO           11    i.MX_IWDG_Init      main.o
    0x08002bb8   0x08002bb8   0x00000048   Code   RO           12    i.MX_LPUART1_UART_Init  main.o
    0x08002c00   0x08002c00   0x00000030   Code   RO           13    i.MX_WWDG_Init      main.o
    0x08002c30   0x08002c30   0x00000002   Code   RO          212    i.NMI_Handler       stm32l0xx_it.o
    0x08002c32   0x08002c32   0x00000002   Code   RO          213    i.PendSV_Handler    stm32l0xx_it.o
    0x08002c34   0x08002c34   0x00000002   Code   RO          214    i.SVC_Handler       stm32l0xx_it.o
    0x08002c36   0x08002c36   0x00000008   Code   RO          215    i.SysTick_Handler   stm32l0xx_it.o
    0x08002c3e   0x08002c3e   0x00000002   PAD
    0x08002c40   0x08002c40   0x00000094   Code   RO           14    i.SystemClock_Config  main.o
    0x08002cd4   0x08002cd4   0x00000068   Code   RO         3171    i.SystemInit        system_stm32l0xx.o
    0x08002d3c   0x08002d3c   0x000000f0   Code   RO         2436    i.UART_AdvFeatureConfig  stm32l0xx_hal_uart.o
    0x08002e2c   0x08002e2c   0x00000070   Code   RO         2437    i.UART_CheckIdleState  stm32l0xx_hal_uart.o
    0x08002e9c   0x08002e9c   0x00000060   Code   RO           15    i.UART_Command_Handler  main.o
    0x08002efc   0x08002efc   0x00000018   Code   RO         2438    i.UART_DMAAbortOnError  stm32l0xx_hal_uart.o
    0x08002f14   0x08002f14   0x00000024   Code   RO         2448    i.UART_EndRxTransfer  stm32l0xx_hal_uart.o
    0x08002f38   0x08002f38   0x00000020   Code   RO         2449    i.UART_EndTransmit_IT  stm32l0xx_hal_uart.o
    0x08002f58   0x08002f58   0x00000394   Code   RO         2453    i.UART_SetConfig    stm32l0xx_hal_uart.o
    0x080032ec   0x080032ec   0x0000006c   Code   RO         2456    i.UART_WaitOnFlagUntilTimeout  stm32l0xx_hal_uart.o
    0x08003358   0x08003358   0x00000030   Code   RO         2749    i.__ARM_common_ll_muluu  stm32l0xx_hal_uart.o
    0x08003388   0x08003388   0x00000078   Code   RO          554    i.__NVIC_SetPriority  stm32l0xx_hal_cortex.o
    0x08003400   0x08003400   0x000000d0   Code   RO           16    i.main              main.o
    0x080034d0   0x080034d0   0x00000070   Code   RO           17    i.power_state_handler  main.o
    0x08003540   0x08003540   0x00000014   Data   RO           19    .constdata          main.o
    0x08003554   0x08003554   0x00000021   Data   RO         3172    .constdata          system_stm32l0xx.o
    0x08003575   0x08003575   0x00000003   PAD
    0x08003578   0x08003578   0x00000020   Data   RO         3384    Region$$Table       anon$$obj.o


    Execution Region ER_RW (Exec base: 0x20000000, Load base: 0x08003598, Size: 0x0000002c, Max: 0xffffffff, ABSOLUTE)

    Exec Addr    Load Addr    Size         Type   Attr      Idx    E Section Name        Object

    0x20000000   0x08003598   0x00000024   Data   RW           20    .data               main.o
    0x20000024   0x080035bc   0x00000004   Data   RW          306    .data               stm32l0xx_hal.o
    0x20000028   0x080035c0   0x00000004   Data   RW         3173    .data               system_stm32l0xx.o


    Execution Region ER_ZI (Exec base: 0x2000002c, Load base: 0x080035c4, Size: 0x00000774, Max: 0xffffffff, ABSOLUTE)

    Exec Addr    Load Addr    Size         Type   Attr      Idx    E Section Name        Object

    0x2000002c        -       0x00000114   Zero   RW           18    .bss                main.o
    0x20000140        -       0x00000060   Zero   RW         3257    .bss                c_p.l(libspace.o)
    0x200001a0        -       0x00000200   Zero   RW         3096    HEAP                startup_stm32l011xx.o
    0x200003a0        -       0x00000400   Zero   RW         3095    STACK               startup_stm32l011xx.o


==============================================================================

Image component sizes


      Code (inc. data)   RO Data    RW Data    ZI Data      Debug   Object Name

      1476        156         20         36        276     290510   main.o
       116         56        192          0       1536        848   startup_stm32l011xx.o
       124         22          0          4          0       3623   stm32l0xx_hal.o
       222         26          0          0          0      10885   stm32l0xx_hal_cortex.o
       140          6          0          0          0       1407   stm32l0xx_hal_crc.o
       106          0          0          0          0       1491   stm32l0xx_hal_crc_ex.o
        92          0          0          0          0       1343   stm32l0xx_hal_dma.o
       528         28          0          0          0       4555   stm32l0xx_hal_gpio.o
      2892         56          0          0          0      20369   stm32l0xx_hal_i2c.o
       254          8          0          0          0       2882   stm32l0xx_hal_i2c_ex.o
       108         14          0          0          0       1436   stm32l0xx_hal_iwdg.o
       360         42          0          0          0       3988   stm32l0xx_hal_msp.o
        56         12          0          0          0       1181   stm32l0xx_hal_pwr.o
       128         18          0          0          0       1337   stm32l0xx_hal_pwr_ex.o
      2404         98          0          0          0       6636   stm32l0xx_hal_rcc.o
       524         14          0          0          0       1752   stm32l0xx_hal_rcc_ex.o
      2714         58          0          0          0      12061   stm32l0xx_hal_uart.o
         2          0          0          0          0       1240   stm32l0xx_hal_uart_ex.o
        46          0          0          0          0       1320   stm32l0xx_hal_wwdg.o
        86         12          0          0          0       4016   stm32l0xx_it.o
       104         16         33          4          0       1783   system_stm32l0xx.o

    ----------------------------------------------------------------------
     12502        642        280         44       1812     374663   Object Totals
         0          0         32          0          0          0   (incl. Generated)
        20          0          3          0          0          0   (incl. Padding)

    ----------------------------------------------------------------------

      Code (inc. data)   RO Data    RW Data    ZI Data      Debug   Library Member Name

         8          0          0          0          0         68   __main.o
         0          0          0          0          0          0   __rtentry.o
        12          0          0          0          0          0   __rtentry2.o
         6          0          0          0          0          0   __rtentry4.o
        60          8          0          0          0          0   __scatter.o
        26          0          0          0          0          0   __scatter_copy.o
        28          0          0          0          0          0   __scatter_zi.o
       346          0          0          0          0         92   aeabi_sdiv.o
        16          0          0          0          0         68   exit.o
         6          0          0          0          0        136   heapauxi.o
         0          0          0          0          0          0   indicate_semi.o
         2          0          0          0          0          0   libinit.o
         2          0          0          0          0          0   libinit2.o
         2          0          0          0          0          0   libshutdown.o
         2          0          0          0          0          0   libshutdown2.o
         8          4          0          0         96         68   libspace.o
       258          0          0          0          0         88   lludiv.o
        64          0          0          0          0        108   rt_memclr.o
         2          0          0          0          0          0   rtexit.o
        10          0          0          0          0          0   rtexit2.o
        12          4          0          0          0         60   sys_exit.o
        62          0          0          0          0         80   sys_stackheap_outer.o
         2          0          0          0          0         68   use_no_semi.o

    ----------------------------------------------------------------------
       938         16          0          0         96        836   Library Totals
         4          0          0          0          0          0   (incl. Padding)

    ----------------------------------------------------------------------

      Code (inc. data)   RO Data    RW Data    ZI Data      Debug   Library Name

       934         16          0          0         96        836   c_p.l

    ----------------------------------------------------------------------
       938         16          0          0         96        836   Library Totals

    ----------------------------------------------------------------------

==============================================================================


      Code (inc. data)   RO Data    RW Data    ZI Data      Debug   

     13440        658        280         44       1908     371043   Grand Totals
     13440        658        280         44       1908     371043   ELF Image Totals
     13440        658        280         44          0          0   ROM Totals

==============================================================================

    Total RO  Size (Code + RO Data)                13720 (  13.40kB)
    Total RW  Size (RW Data + ZI Data)              1952 (   1.91kB)
    Total ROM Size (Code + RO Data + RW Data)      13764 (  13.44kB)

==============================================================================

